Archive member included to satisfy reference by file (symbol)

e:/devtools/rt-threadstudio/repo/extract/toolchain_support_packages/arm/gnu_tools_for_arm_embedded_processors/10.2.1/bin/../lib/gcc/arm-none-eabi/10.2.1/../../../../arm-none-eabi/lib/thumb/v8-m.main+dp/hard\libc.a(lib_a-atoi.o)
                              ./rt-thread/components/drivers/misc/pin.o (atoi)
e:/devtools/rt-threadstudio/repo/extract/toolchain_support_packages/arm/gnu_tools_for_arm_embedded_processors/10.2.1/bin/../lib/gcc/arm-none-eabi/10.2.1/../../../../arm-none-eabi/lib/thumb/v8-m.main+dp/hard\libc.a(lib_a-ctype_.o)
                              ./rt-thread/components/libc/compilers/common/cstring.o (_ctype_)
e:/devtools/rt-threadstudio/repo/extract/toolchain_support_packages/arm/gnu_tools_for_arm_embedded_processors/10.2.1/bin/../lib/gcc/arm-none-eabi/10.2.1/../../../../arm-none-eabi/lib/thumb/v8-m.main+dp/hard\libc.a(lib_a-exit.o)
                              e:/devtools/rt-threadstudio/repo/extract/toolchain_support_packages/arm/gnu_tools_for_arm_embedded_processors/10.2.1/bin/../lib/gcc/arm-none-eabi/10.2.1/../../../../arm-none-eabi/lib/thumb/v8-m.main+dp/hard/crt0.o (exit)
e:/devtools/rt-threadstudio/repo/extract/toolchain_support_packages/arm/gnu_tools_for_arm_embedded_processors/10.2.1/bin/../lib/gcc/arm-none-eabi/10.2.1/../../../../arm-none-eabi/lib/thumb/v8-m.main+dp/hard\libc.a(lib_a-impure.o)
                              e:/devtools/rt-threadstudio/repo/extract/toolchain_support_packages/arm/gnu_tools_for_arm_embedded_processors/10.2.1/bin/../lib/gcc/arm-none-eabi/10.2.1/../../../../arm-none-eabi/lib/thumb/v8-m.main+dp/hard\libc.a(lib_a-exit.o) (_global_impure_ptr)
e:/devtools/rt-threadstudio/repo/extract/toolchain_support_packages/arm/gnu_tools_for_arm_embedded_processors/10.2.1/bin/../lib/gcc/arm-none-eabi/10.2.1/../../../../arm-none-eabi/lib/thumb/v8-m.main+dp/hard\libc.a(lib_a-malloc.o)
                              ./rt-thread/components/libc/compilers/common/cstring.o (malloc)
e:/devtools/rt-threadstudio/repo/extract/toolchain_support_packages/arm/gnu_tools_for_arm_embedded_processors/10.2.1/bin/../lib/gcc/arm-none-eabi/10.2.1/../../../../arm-none-eabi/lib/thumb/v8-m.main+dp/hard\libc.a(lib_a-memcmp.o)
                              ./rt-thread/components/finsh/shell.o (memcmp)
e:/devtools/rt-threadstudio/repo/extract/toolchain_support_packages/arm/gnu_tools_for_arm_embedded_processors/10.2.1/bin/../lib/gcc/arm-none-eabi/10.2.1/../../../../arm-none-eabi/lib/thumb/v8-m.main+dp/hard\libc.a(lib_a-memcpy.o)
                              ./rt-thread/components/fal/src/fal_rtt.o (memcpy)
e:/devtools/rt-threadstudio/repo/extract/toolchain_support_packages/arm/gnu_tools_for_arm_embedded_processors/10.2.1/bin/../lib/gcc/arm-none-eabi/10.2.1/../../../../arm-none-eabi/lib/thumb/v8-m.main+dp/hard\libc.a(lib_a-memset.o)
                              e:/devtools/rt-threadstudio/repo/extract/toolchain_support_packages/arm/gnu_tools_for_arm_embedded_processors/10.2.1/bin/../lib/gcc/arm-none-eabi/10.2.1/../../../../arm-none-eabi/lib/thumb/v8-m.main+dp/hard/crt0.o (memset)
e:/devtools/rt-threadstudio/repo/extract/toolchain_support_packages/arm/gnu_tools_for_arm_embedded_processors/10.2.1/bin/../lib/gcc/arm-none-eabi/10.2.1/../../../../arm-none-eabi/lib/thumb/v8-m.main+dp/hard\libc.a(lib_a-strchr.o)
                              ./rt-thread/components/libc/compilers/common/cstring.o (strchr)
e:/devtools/rt-threadstudio/repo/extract/toolchain_support_packages/arm/gnu_tools_for_arm_embedded_processors/10.2.1/bin/../lib/gcc/arm-none-eabi/10.2.1/../../../../arm-none-eabi/lib/thumb/v8-m.main+dp/hard\libc.a(lib_a-strcmp.o)
                              ./rt-thread/components/finsh/msh.o (strcmp)
e:/devtools/rt-threadstudio/repo/extract/toolchain_support_packages/arm/gnu_tools_for_arm_embedded_processors/10.2.1/bin/../lib/gcc/arm-none-eabi/10.2.1/../../../../arm-none-eabi/lib/thumb/v8-m.main+dp/hard\libc.a(lib_a-strcpy.o)
                              ./rt-thread/components/libc/compilers/common/cstring.o (strcpy)
e:/devtools/rt-threadstudio/repo/extract/toolchain_support_packages/arm/gnu_tools_for_arm_embedded_processors/10.2.1/bin/../lib/gcc/arm-none-eabi/10.2.1/../../../../arm-none-eabi/lib/thumb/v8-m.main+dp/hard\libc.a(lib_a-strlen-stub.o)
                              ./rt-thread/components/libc/compilers/common/cstring.o (strlen)
e:/devtools/rt-threadstudio/repo/extract/toolchain_support_packages/arm/gnu_tools_for_arm_embedded_processors/10.2.1/bin/../lib/gcc/arm-none-eabi/10.2.1/../../../../arm-none-eabi/lib/thumb/v8-m.main+dp/hard\libc.a(lib_a-strncmp.o)
                              ./rt-thread/components/finsh/msh.o (strncmp)
e:/devtools/rt-threadstudio/repo/extract/toolchain_support_packages/arm/gnu_tools_for_arm_embedded_processors/10.2.1/bin/../lib/gcc/arm-none-eabi/10.2.1/../../../../arm-none-eabi/lib/thumb/v8-m.main+dp/hard\libc.a(lib_a-strncpy.o)
                              ./rt-thread/components/finsh/msh.o (strncpy)
[...]
Memory Configuration

Name             Origin             Length             Attributes
ITCM             0x00000000         0x00010000         xr
DTCM             0x20000000         0x00010000         xrw
FLASH            0x02000000         0x001f8000         xr
RAM              0x22000000         0x000e0000         xrw
DATA_FLASH       0x27000000         0x00003000         xr
QSPI_FLASH       0x60000000         0x00000000         xr
OSPI_DEVICE_0    0x80000000         0x10000000         xr
OSPI_DEVICE_1    0x90000000         0x10000000         xr
OSPI_DEVICE_0_RAM 0x80000000         0x10000000         xrw
OSPI_DEVICE_1_RAM 0x90000000         0x10000000         xrw
SDRAM            0x68000000         0x08000000         xrw
OPTION_SETTING   0x0300a100         0x00000100         r
OPTION_SETTING_OFS 0x0300a100         0x00000018         r
OPTION_SETTING_SAS 0x0300a134         0x000000cc         r
OPTION_SETTING_S 0x0300a200         0x00000100         r
OPTION_SETTING_DATA_FLASH_S 0x27030080         0x00000800         r
ID_CODE          0x00000000         0x00000000         xr
*default*        0x00000000         0xffffffff

Linker script and memory map

LOAD e:/devtools/rt-threadstudio/repo/extract/toolchain_support_packages/arm/gnu_tools_for_arm_embedded_processors/10.2.1/bin/../lib/gcc/arm-none-eabi/10.2.1/thumb/v8-m.main+dp/hard/crti.o
LOAD e:/devtools/rt-threadstudio/repo/extract/toolchain_support_packages/arm/gnu_tools_for_arm_embedded_processors/10.2.1/bin/../lib/gcc/arm-none-eabi/10.2.1/thumb/v8-m.main+dp/hard/crtbegin.o
LOAD e:/devtools/rt-threadstudio/repo/extract/toolchain_support_packages/arm/gnu_tools_for_arm_embedded_processors/10.2.1/bin/../lib/gcc/arm-none-eabi/10.2.1/../../../../arm-none-eabi/lib/thumb/v8-m.main+dp/hard/crt0.o
LOAD ./src/hal_entry.o
LOAD ./src/spi_init.o
LOAD ./rt-thread/src/clock.o
LOAD ./rt-thread/src/components.o
LOAD ./rt-thread/src/idle.o
LOAD ./rt-thread/src/ipc.o
LOAD ./rt-thread/src/irq.o
LOAD ./rt-thread/src/kservice.o
LOAD ./rt-thread/src/memheap.o
LOAD ./rt-thread/src/mempool.o
LOAD ./rt-thread/src/object.o
LOAD ./rt-thread/src/scheduler_up.o
LOAD ./rt-thread/src/thread.o
LOAD ./rt-thread/src/timer.o
LOAD ./rt-thread/libcpu/arm/cortex-m85/context_gcc.o
LOAD ./rt-thread/libcpu/arm/cortex-m85/cpuport.o
LOAD ./rt-thread/libcpu/arm/common/atomic_arm.o
LOAD ./rt-thread/libcpu/arm/common/div0.o
LOAD ./rt-thread/libcpu/arm/common/showmem.o
LOAD ./rt-thread/components/libc/compilers/newlib/syscalls.o
LOAD ./rt-thread/components/libc/compilers/common/cctype.o
LOAD ./rt-thread/components/libc/compilers/common/cstdlib.o
LOAD ./rt-thread/components/libc/compilers/common/cstring.o
LOAD ./rt-thread/components/libc/compilers/common/ctime.o
LOAD ./rt-thread/components/libc/compilers/common/cunistd.o
LOAD ./rt-thread/components/libc/compilers/common/cwchar.o
LOAD ./rt-thread/components/finsh/cmd.o
LOAD ./rt-thread/components/finsh/msh.o
LOAD ./rt-thread/components/finsh/msh_parse.o
LOAD ./rt-thread/components/finsh/shell.o
LOAD ./rt-thread/components/fal/src/fal.o
LOAD ./rt-thread/components/fal/src/fal_flash.o
LOAD ./rt-thread/components/fal/src/fal_partition.o
LOAD ./rt-thread/components/fal/src/fal_rtt.o
LOAD ./rt-thread/components/fal/samples/porting/fal_flash_sfud_port.o
LOAD ./rt-thread/components/drivers/spi/sfud/src/sfud.o
LOAD ./rt-thread/components/drivers/spi/sfud/src/sfud_sfdp.o
LOAD ./rt-thread/components/drivers/spi/qspi_core.o
LOAD ./rt-thread/components/drivers/spi/spi_core.o
LOAD ./rt-thread/components/drivers/spi/spi_dev.o
LOAD ./rt-thread/components/drivers/spi/spi_flash_sfud.o
LOAD ./rt-thread/components/drivers/serial/serial_v2.o
LOAD ./rt-thread/components/drivers/misc/pin.o
LOAD ./rt-thread/components/drivers/ipc/completion.o
LOAD ./rt-thread/components/drivers/ipc/dataqueue.o
LOAD ./rt-thread/components/drivers/ipc/pipe.o
LOAD ./rt-thread/components/drivers/ipc/ringblk_buf.o
LOAD ./rt-thread/components/drivers/ipc/ringbuffer.o
LOAD ./rt-thread/components/drivers/ipc/waitqueue.o
LOAD ./rt-thread/components/drivers/ipc/workqueue.o
LOAD ./rt-thread/components/drivers/core/device.o
LOAD ./ra_gen/common_data.o
LOAD ./ra_gen/hal_data.o
LOAD ./ra_gen/main.o
LOAD ./ra_gen/pin_data.o
LOAD ./ra_gen/vector_data.o
LOAD ./ra/fsp/src/r_spi_b/r_spi_b.o
LOAD ./ra/fsp/src/r_sci_b_uart/r_sci_b_uart.o
LOAD ./ra/fsp/src/r_ioport/r_ioport.o
LOAD ./ra/fsp/src/r_flash_hp/r_flash_hp.o
LOAD ./ra/fsp/src/r_dtc/r_dtc.o
LOAD ./ra/fsp/src/bsp/mcu/all/bsp_clocks.o
LOAD ./ra/fsp/src/bsp/mcu/all/bsp_common.o
LOAD ./ra/fsp/src/bsp/mcu/all/bsp_delay.o
LOAD ./ra/fsp/src/bsp/mcu/all/bsp_group_irq.o
LOAD ./ra/fsp/src/bsp/mcu/all/bsp_guard.o
LOAD ./ra/fsp/src/bsp/mcu/all/bsp_io.o
LOAD ./ra/fsp/src/bsp/mcu/all/bsp_irq.o
LOAD ./ra/fsp/src/bsp/mcu/all/bsp_register_protection.o
LOAD ./ra/fsp/src/bsp/mcu/all/bsp_rom_registers.o
LOAD ./ra/fsp/src/bsp/mcu/all/bsp_sbrk.o
LOAD ./ra/fsp/src/bsp/mcu/all/bsp_security.o
LOAD ./ra/fsp/src/bsp/cmsis/Device/RENESAS/Source/startup.o
LOAD ./ra/fsp/src/bsp/cmsis/Device/RENESAS/Source/system.o
LOAD ./libraries/HAL_Drivers/drv_common.o
LOAD ./libraries/HAL_Drivers/drv_flash.o
LOAD ./libraries/HAL_Drivers/drv_gpio.o
LOAD ./libraries/HAL_Drivers/drv_spi.o
LOAD ./libraries/HAL_Drivers/drv_usart_v2.o
LOAD ./board/ports/drv_sdram.o
LOAD ./board/ports/mnt.o
LOAD ./board/ra8_it.o
LOAD e:/devtools/rt-threadstudio/repo/extract/toolchain_support_packages/arm/gnu_tools_for_arm_embedded_processors/10.2.1/bin/../lib/gcc/arm-none-eabi/10.2.1/../../../../arm-none-eabi/lib/thumb/v8-m.main+dp/hard\libc.a
LOAD e:/devtools/rt-threadstudio/repo/extract/toolchain_support_packages/arm/gnu_tools_for_arm_embedded_processors/10.2.1/bin/../lib/gcc/arm-none-eabi/10.2.1/../../../../arm-none-eabi/lib/thumb/v8-m.main+dp/hard\libm.a
START GROUP
LOAD e:/devtools/rt-threadstudio/repo/extract/toolchain_support_packages/arm/gnu_tools_for_arm_embedded_processors/10.2.1/bin/../lib/gcc/arm-none-eabi/10.2.1/thumb/v8-m.main+dp/hard\libgcc.a
LOAD e:/devtools/rt-threadstudio/repo/extract/toolchain_support_packages/arm/gnu_tools_for_arm_embedded_processors/10.2.1/bin/../lib/gcc/arm-none-eabi/10.2.1/../../../../arm-none-eabi/lib/thumb/v8-m.main+dp/hard\libg.a
LOAD e:/devtools/rt-threadstudio/repo/extract/toolchain_support_packages/arm/gnu_tools_for_arm_embedded_processors/10.2.1/bin/../lib/gcc/arm-none-eabi/10.2.1/../../../../arm-none-eabi/lib/thumb/v8-m.main+dp/hard\libc.a
END GROUP
LOAD e:/devtools/rt-threadstudio/repo/extract/toolchain_support_packages/arm/gnu_tools_for_arm_embedded_processors/10.2.1/bin/../lib/gcc/arm-none-eabi/10.2.1/thumb/v8-m.main+dp/hard/crtend.o
LOAD e:/devtools/rt-threadstudio/repo/extract/toolchain_support_packages/arm/gnu_tools_for_arm_embedded_processors/10.2.1/bin/../lib/gcc/arm-none-eabi/10.2.1/thumb/v8-m.main+dp/hard/crtn.o
                0x22000000                RAM_START = 0x22000000
                0x000e0000                RAM_LENGTH = 0xe0000
                0x02000000                FLASH_START = 0x2000000
                0x001f8000                FLASH_LENGTH = 0x1f8000
                0x27000000                DATA_FLASH_START = 0x27000000
                0x00003000                DATA_FLASH_LENGTH = 0x3000
                0x0300a100                OPTION_SETTING_START = 0x300a100
                0x00000100                OPTION_SETTING_LENGTH = 0x100
                0x0300a200                OPTION_SETTING_S_START = 0x300a200
                0x00000100                OPTION_SETTING_S_LENGTH = 0x100
                0x27030080                OPTION_SETTING_DATA_FLASH_S_START = 0x27030080
                0x00000800                OPTION_SETTING_DATA_FLASH_S_LENGTH = 0x800
                0x00000000                ID_CODE_START = 0x0
                0x00000000                ID_CODE_LENGTH = 0x0
                0x68000000                SDRAM_START = 0x68000000
                0x08000000                SDRAM_LENGTH = 0x8000000
                0x60000000                QSPI_FLASH_START = 0x60000000
                0x00000000                QSPI_FLASH_LENGTH = 0x0
                0x80000000                OSPI_DEVICE_0_START = 0x80000000
                0x10000000                OSPI_DEVICE_0_LENGTH = 0x10000000
                0x90000000                OSPI_DEVICE_1_START = 0x90000000
                0x10000000                OSPI_DEVICE_1_LENGTH = 0x10000000
                0x00000000                ITCM_START = 0x0
                0x00010000                ITCM_LENGTH = 0x10000
                0x20000000                DTCM_START = 0x20000000
                0x00010000                DTCM_LENGTH = 0x10000
                0x10000000                NS_OFFSET_START = 0x10000000
                0x00000000                NS_OFFSET_LENGTH = 0x0
                0x00000000                QSPI_FLASH_PRV_LENGTH = DEFINED (QSPI_FLASH_SIZE)?ABSOLUTE (QSPI_FLASH_SIZE):ABSOLUTE (QSPI_FLASH_LENGTH)
                0x10000000                OSPI_DEVICE_0_PRV_LENGTH = DEFINED (OSPI_DEVICE_0_SIZE)?ABSOLUTE (OSPI_DEVICE_0_SIZE):ABSOLUTE (OSPI_DEVICE_0_LENGTH)
                0x10000000                OSPI_DEVICE_1_PRV_LENGTH = DEFINED (OSPI_DEVICE_1_SIZE)?ABSOLUTE (OSPI_DEVICE_1_SIZE):ABSOLUTE (OSPI_DEVICE_1_LENGTH)
                0x00000000                __RESERVE_NS_RAM = ((! (DEFINED (PROJECT_NONSECURE)) && DEFINED (RAM_NS_BUFFER_LENGTH)) && (OPTION_SETTING_S_LENGTH != 0x0))
                0x00000000                ITCM_START = DEFINED (ITCM_START)?ITCM_START:0x0
                0x00010000                ITCM_LENGTH = DEFINED (ITCM_LENGTH)?ITCM_LENGTH:0x0
                0x20000000                DTCM_START = DEFINED (DTCM_START)?DTCM_START:0x0
                0x00010000                DTCM_LENGTH = DEFINED (DTCM_LENGTH)?DTCM_LENGTH:0x0
                0x00000000                RAM_NS_BUFFER_BLOCK_LENGTH = DEFINED (RAM_NS_BUFFER_LENGTH)?ALIGN (RAM_NS_BUFFER_LENGTH, 0x2000):0x0
                0x00000000                RAM_NS_BUFFER_LENGTH = DEFINED (RAM_NS_BUFFER_LENGTH)?RAM_NS_BUFFER_LENGTH:0x0
                0x220e0000                RAM_NS_BUFFER_START = ((RAM_START + RAM_LENGTH) - RAM_NS_BUFFER_LENGTH)
                0x220e0000                RAM_NS_BUFFER_BLOCK_START = ((RAM_START + RAM_LENGTH) - RAM_NS_BUFFER_BLOCK_LENGTH)
                0x0300a180                OPTION_SETTING_START_NS = DEFINED (PROJECT_NONSECURE)?OPTION_SETTING_START:(OPTION_SETTING_START + 0x80)
                0x27030080                OPTION_SETTING_DATA_FLASH_S_START = DEFINED (OPTION_SETTING_DATA_FLASH_S_START)?OPTION_SETTING_DATA_FLASH_S_START:0x0
                0x00000800                OPTION_SETTING_DATA_FLASH_S_LENGTH = DEFINED (OPTION_SETTING_DATA_FLASH_S_LENGTH)?OPTION_SETTING_DATA_FLASH_S_LENGTH:0x0
                0x00000001                __bl_FSP_BOOTABLE_IMAGE = 0x1
                0x00000001                __bln_FSP_BOOTABLE_IMAGE = 0x1
                0x00000001                PROJECT_SECURE_OR_FLAT = (((! (DEFINED (PROJECT_NONSECURE)) || DEFINED (PROJECT_SECURE)) && OPTION_SETTING_LENGTH) && ! (DEFINED (FSP_BOOTABLE_IMAGE)))
                0x00000000                USE_OPTION_SETTING_NS = (DEFINED (PROJECT_NONSECURE) && ! (DEFINED (FSP_BOOTABLE_IMAGE)))
                0x00000001                USE_OPTION_SETTING_DATA_FLASH = (PROJECT_SECURE_OR_FLAT && (OPTION_SETTING_DATA_FLASH_S_LENGTH != 0x0))
                0x00000000                __bl_FLASH_IMAGE_START = ! (DEFINED (FLASH_BOOTLOADER_LENGTH))?0x0:(FLASH_APPLICATION_IMAGE_NUMBER == 0x1)?((FLASH_START + FLASH_BOOTLOADER_LENGTH) + FLASH_BOOTLOADER_HEADER_LENGTH):((((FLASH_START + FLASH_BOOTLOADER_LENGTH) + FLASH_BOOTLOADER_SCRATCH_LENGTH) + FLASH_APPLICATION_S_LENGTH) + FLASH_BOOTLOADER_HEADER_LENGTH)
                0x00000000                __bl_FLASH_IMAGE_LENGTH = ! (DEFINED (FLASH_BOOTLOADER_LENGTH))?0x0:(FLASH_APPLICATION_S_LENGTH - FLASH_BOOTLOADER_HEADER_LENGTH)
                0x00000000                __bl_FLASH_IMAGE_END = (__bl_FLASH_IMAGE_START + __bl_FLASH_IMAGE_LENGTH)
                0x00000000                __bl_XIP_SECONDARY_FLASH_IMAGE_START = ! (DEFINED (FLASH_BOOTLOADER_LENGTH))?0x0:((FLASH_BOOTLOADER_LENGTH + FLASH_APPLICATION_S_LENGTH) + FLASH_BOOTLOADER_HEADER_LENGTH)
                0x00000000                __bl_XIP_SECONDARY_FLASH_IMAGE_END = (__bl_XIP_SECONDARY_FLASH_IMAGE_START + __bl_FLASH_IMAGE_LENGTH)
                0x00000000                __bl_FLASH_NS_START = ! (DEFINED (FLASH_BOOTLOADER_LENGTH))?0x0:(FLASH_APPLICATION_NS_LENGTH == 0x0)?__bl_FLASH_IMAGE_END:((__bl_FLASH_IMAGE_START - FLASH_BOOTLOADER_HEADER_LENGTH) + FLASH_APPLICATION_S_LENGTH)
                0x00000000                __bl_FLASH_NSC_START = ! (DEFINED (FLASH_BOOTLOADER_LENGTH))?0x0:(FLASH_APPLICATION_NS_LENGTH == 0x0)?__bl_FLASH_IMAGE_END:(__bl_FLASH_IMAGE_END - FLASH_APPLICATION_NSC_LENGTH)
                0x00000000                __bl_RAM_NS_START = ! (DEFINED (FLASH_BOOTLOADER_LENGTH))?0x0:(FLASH_APPLICATION_NS_LENGTH == 0x0)?(RAM_START + RAM_LENGTH):((RAM_START + RAM_LENGTH) - RAM_APPLICATION_NS_LENGTH)
                0x00000000                __bl_RAM_NSC_START = ! (DEFINED (FLASH_BOOTLOADER_LENGTH))?0x0:(FLASH_APPLICATION_NS_LENGTH == 0x0)?(RAM_START + RAM_LENGTH):(__bl_RAM_NS_START - RAM_APPLICATION_NSC_LENGTH)
                0x00000000                __bl_FLASH_NS_IMAGE_START = ! (DEFINED (FLASH_BOOTLOADER_LENGTH))?0x0:(FLASH_APPLICATION_NS_LENGTH == 0x0)?__bl_FLASH_IMAGE_END:(__bl_FLASH_NS_START + FLASH_BOOTLOADER_HEADER_LENGTH_2)
                0x10000000                __bln_FLASH_IMAGE_START = (__bl_FLASH_NS_IMAGE_START | ! (DEFINED (NS_OFFSET_START))?0x0:NS_OFFSET_START)
                0x00000000                __bln_FLASH_IMAGE_LENGTH = ! (DEFINED (FLASH_BOOTLOADER_LENGTH))?0x0:(FLASH_APPLICATION_NS_LENGTH == 0x0)?__bl_FLASH_IMAGE_END:(FLASH_APPLICATION_NS_LENGTH - FLASH_BOOTLOADER_HEADER_LENGTH_2)
                0x00000000                XIP_SECONDARY_SLOT_IMAGE = DEFINED (XIP_SECONDARY_SLOT_IMAGE)?XIP_SECONDARY_SLOT_IMAGE:0x0
                0x02000000                FLASH_ORIGIN = ! (DEFINED (FLASH_IMAGE_START))?FLASH_START:(XIP_SECONDARY_SLOT_IMAGE == 0x1)?XIP_SECONDARY_FLASH_IMAGE_START:FLASH_IMAGE_START
                0x001f8000                LIMITED_FLASH_LENGTH = DEFINED (FLASH_IMAGE_LENGTH)?FLASH_IMAGE_LENGTH:DEFINED (FLASH_BOOTLOADER_LENGTH)?FLASH_BOOTLOADER_LENGTH:FLASH_LENGTH
                0x00000034                OPTION_SETTING_SAS_SIZE = 0x34
                0x000000cc                OPTION_SETTING_SAS_LENGTH = ! (DEFINED (OPTION_SETTING_LENGTH))?0x0:(OPTION_SETTING_LENGTH == 0x0)?0x0:(OPTION_SETTING_LENGTH - OPTION_SETTING_SAS_SIZE)
START GROUP
LOAD e:/devtools/rt-threadstudio/repo/extract/toolchain_support_packages/arm/gnu_tools_for_arm_embedded_processors/10.2.1/bin/../lib/gcc/arm-none-eabi/10.2.1/thumb/v8-m.main+dp/hard\libgcc.a
LOAD e:/devtools/rt-threadstudio/repo/extract/toolchain_support_packages/arm/gnu_tools_for_arm_embedded_processors/10.2.1/bin/../lib/gcc/arm-none-eabi/10.2.1/../../../../arm-none-eabi/lib/thumb/v8-m.main+dp/hard\libc.a
LOAD e:/devtools/rt-threadstudio/repo/extract/toolchain_support_packages/arm/gnu_tools_for_arm_embedded_processors/10.2.1/bin/../lib/gcc/arm-none-eabi/10.2.1/../../../../arm-none-eabi/lib/thumb/v8-m.main+dp/hard\libm.a
END GROUP

.text           0x02000000    0x19cb8
                0x02000000                __tz_FLASH_S = ABSOLUTE (FLASH_START)
                0x02000000                __ROM_Start = .
 *(.fixed_vectors*)
 .fixed_vectors
                0x02000000       0x40 ./ra/fsp/src/bsp/cmsis/Device/RENESAS/Source/startup.o
                0x02000000                __Vectors
 *(.application_vectors*)
 .application_vectors
                0x02000040      0x180 ./ra_gen/vector_data.o
                0x02000040                g_vector_table
                0x020001c0                __Vectors_End = .
                0x020001c0                . = (OPTION_SETTING_LENGTH > 0x0)?.:(__ROM_Start + 0x400)
 *(.rom_registers*)
                0x020001c0                . = (OPTION_SETTING_LENGTH > 0x0)?.:(__ROM_Start + 0x500)
                0x02000200                . = ALIGN (0x80)
 *fill*         0x020001c0       0x40 ff
 *(.mcuboot_sce9_key*)
 *(.text*)
 .text          0x02000200       0x40 e:/devtools/rt-threadstudio/repo/extract/toolchain_support_packages/arm/gnu_tools_for_arm_embedded_processors/10.2.1/bin/../lib/gcc/arm-none-eabi/10.2.1/thumb/v8-m.main+dp/hard/crtbegin.o
 .text.hal_entry
                0x02000240       0x18 ./src/hal_entry.o
                0x02000240                hal_entry
 .text.rt_spi_device_init
                0x02000258       0x68 ./src/spi_init.o
 .text.rt_tick_get
                0x020002c0       0x18 ./rt-thread/src/clock.o
                0x020002c0                rt_tick_get
 .text.rt_tick_increase
                0x020002d8       0x7c ./rt-thread/src/clock.o
                0x020002d8                rt_tick_increase
 .text.rt_tick_from_millisecond
                0x02000354       0x78 ./rt-thread/src/clock.o
                0x02000354                rt_tick_from_millisecond
 .text.rti_start
                0x020003cc       0x10 ./rt-thread/src/components.o
 .text.rti_board_start
                0x020003dc       0x10 ./rt-thread/src/components.o
 .text.rti_board_end
                0x020003ec       0x10 ./rt-thread/src/components.o
 .text.rti_end  0x020003fc       0x10 ./rt-thread/src/components.o
 .text.rt_components_board_init
                0x0200040c       0x34 ./rt-thread/src/components.o
                0x0200040c                rt_components_board_init
 .text.rt_components_init
                0x02000440       0x34 ./rt-thread/src/components.o
                0x02000440                rt_components_init
 .text.entry    0x02000474        0xe ./rt-thread/src/components.o
                0x02000474                entry
 .text.main_thread_entry
                0x02000482       0x18 ./rt-thread/src/components.o
                0x02000482                main_thread_entry
 *fill*         0x0200049a        0x2 ff
 .text.rt_application_init
                0x0200049c       0x4c ./rt-thread/src/components.o
                0x0200049c                rt_application_init
 .text.rtthread_startup
                0x020004e8       0x2e ./rt-thread/src/components.o
                0x020004e8                rtthread_startup
 .text.rt_list_insert_after
                0x02000516       0x32 ./rt-thread/src/idle.o
 .text.rt_list_remove
                0x02000548       0x36 ./rt-thread/src/idle.o
 *fill*         0x0200057e        0x2 ff
 .text.rt_thread_defunct_enqueue
                0x02000580       0x20 ./rt-thread/src/idle.o
                0x02000580                rt_thread_defunct_enqueue
 .text.rt_thread_defunct_dequeue
                0x020005a0       0x44 ./rt-thread/src/idle.o
                0x020005a0                rt_thread_defunct_dequeue
 .text.rt_defunct_execute
                0x020005e4       0x5c ./rt-thread/src/idle.o
 .text.idle_thread_entry
                0x02000640       0x38 ./rt-thread/src/idle.o
 .text.rt_thread_idle_init
                0x02000678       0x80 ./rt-thread/src/idle.o
                0x02000678                rt_thread_idle_init
 .text.rt_list_init
                0x020006f8       0x22 ./rt-thread/src/ipc.o
 .text.rt_list_insert_after
                0x0200071a       0x32 ./rt-thread/src/ipc.o
 .text.rt_list_insert_before
                0x0200074c       0x32 ./rt-thread/src/ipc.o
 .text.rt_list_remove
                0x0200077e       0x36 ./rt-thread/src/ipc.o
 .text.rt_list_isempty
                0x020007b4       0x24 ./rt-thread/src/ipc.o
 .text._ipc_object_init
                0x020007d8       0x1c ./rt-thread/src/ipc.o
 .text._ipc_list_suspend
                0x020007f4       0xc4 ./rt-thread/src/ipc.o
 .text._ipc_list_resume
                0x020008b8       0x26 ./rt-thread/src/ipc.o
 .text._ipc_list_resume_all
                0x020008de       0x42 ./rt-thread/src/ipc.o
 .text.rt_sem_init
                0x02000920       0x88 ./rt-thread/src/ipc.o
                0x02000920                rt_sem_init
 .text._rt_sem_take
                0x020009a8      0x1d8 ./rt-thread/src/ipc.o
 .text.rt_sem_take
                0x02000b80       0x1e ./rt-thread/src/ipc.o
                0x02000b80                rt_sem_take
 *fill*         0x02000b9e        0x2 ff
 .text.rt_sem_release
                0x02000ba0       0xc0 ./rt-thread/src/ipc.o
                0x02000ba0                rt_sem_release
 .text._mutex_update_priority
                0x02000c60       0x44 ./rt-thread/src/ipc.o
 .text._thread_get_mutex_priority
                0x02000ca4       0x68 ./rt-thread/src/ipc.o
 .text._thread_update_priority
                0x02000d0c       0xd2 ./rt-thread/src/ipc.o
 *fill*         0x02000dde        0x2 ff
 .text.rt_mutex_init
                0x02000de0       0x74 ./rt-thread/src/ipc.o
                0x02000de0                rt_mutex_init
 .text.rt_mutex_detach
                0x02000e54       0x94 ./rt-thread/src/ipc.o
                0x02000e54                rt_mutex_detach
 .text.rt_mutex_drop_thread
                0x02000ee8       0x9c ./rt-thread/src/ipc.o
                0x02000ee8                rt_mutex_drop_thread
 .text._rt_mutex_take
                0x02000f84      0x32c ./rt-thread/src/ipc.o
 .text.rt_mutex_take
                0x020012b0       0x1e ./rt-thread/src/ipc.o
                0x020012b0                rt_mutex_take
 *fill*         0x020012ce        0x2 ff
 .text.rt_mutex_release
                0x020012d0      0x1ec ./rt-thread/src/ipc.o
                0x020012d0                rt_mutex_release
 .text.rt_event_init
                0x020014bc       0x70 ./rt-thread/src/ipc.o
                0x020014bc                rt_event_init
 .text.rt_event_send
                0x0200152c      0x170 ./rt-thread/src/ipc.o
                0x0200152c                rt_event_send
 .text._rt_event_recv
                0x0200169c      0x288 ./rt-thread/src/ipc.o
 .text.rt_event_recv
                0x02001924       0x2e ./rt-thread/src/ipc.o
                0x02001924                rt_event_recv
 *fill*         0x02001952        0x2 ff
 .text.rt_interrupt_enter
                0x02001954       0x40 ./rt-thread/src/irq.o
                0x02001954                rt_interrupt_enter
 .text.rt_interrupt_leave
                0x02001994       0x40 ./rt-thread/src/irq.o
                0x02001994                rt_interrupt_leave
 .text.rt_interrupt_get_nest
                0x020019d4       0x28 ./rt-thread/src/irq.o
                0x020019d4                rt_interrupt_get_nest
 .text.rt_hw_interrupt_is_disabled
                0x020019fc       0x10 ./rt-thread/src/irq.o
                0x020019fc                rt_hw_interrupt_is_disabled
 .text.rt_strerror
                0x02001a0c       0x58 ./rt-thread/src/kservice.o
                0x02001a0c                rt_strerror
 .text.rt_set_errno
                0x02001a64       0x44 ./rt-thread/src/kservice.o
                0x02001a64                rt_set_errno
 .text._rt_errno
                0x02001aa8       0x38 ./rt-thread/src/kservice.o
                0x02001aa8                _rt_errno
 .text.rt_memset
                0x02001ae0       0xc8 ./rt-thread/src/kservice.o
                0x02001ae0                rt_memset
 .text.rt_memcpy
                0x02001ba8       0xda ./rt-thread/src/kservice.o
                0x02001ba8                rt_memcpy
 .text.rt_memmove
                0x02001c82       0x82 ./rt-thread/src/kservice.o
                0x02001c82                rt_memmove
 .text.rt_strncpy
                0x02001d04       0x64 ./rt-thread/src/kservice.o
                0x02001d04                rt_strncpy
 .text.rt_strncmp
                0x02001d68       0x54 ./rt-thread/src/kservice.o
                0x02001d68                rt_strncmp
 .text.rt_strcmp
                0x02001dbc       0x44 ./rt-thread/src/kservice.o
                0x02001dbc                rt_strcmp
 .text.rt_strlen
                0x02001e00       0x32 ./rt-thread/src/kservice.o
                0x02001e00                rt_strlen
 *fill*         0x02001e32        0x2 ff
 .text.rt_show_version
                0x02001e34       0x4c ./rt-thread/src/kservice.o
                0x02001e34                rt_show_version
 .text.divide   0x02001e80       0x38 ./rt-thread/src/kservice.o
 .text.skip_atoi
                0x02001eb8       0x46 ./rt-thread/src/kservice.o
 *fill*         0x02001efe        0x2 ff
 .text.print_number
                0x02001f00      0x348 ./rt-thread/src/kservice.o
 .text.rt_vsnprintf
                0x02002248      0x59c ./rt-thread/src/kservice.o
                0x02002248                rt_vsnprintf
 .text.rt_snprintf
                0x020027e4       0x34 ./rt-thread/src/kservice.o
                0x020027e4                rt_snprintf
 .text.rt_console_get_device
                0x02002818       0x18 ./rt-thread/src/kservice.o
                0x02002818                rt_console_get_device
 .text.rt_console_set_device
                0x02002830       0x58 ./rt-thread/src/kservice.o
                0x02002830                rt_console_set_device
 .text.rt_hw_console_output
                0x02002888       0x14 ./rt-thread/src/kservice.o
                0x02002888                rt_hw_console_output
 .text.rt_kprintf
                0x0200289c       0x64 ./rt-thread/src/kservice.o
                0x0200289c                rt_kprintf
 .text._heap_lock_init
                0x02002900       0x1c ./rt-thread/src/kservice.o
 .text._heap_lock
                0x0200291c       0x28 ./rt-thread/src/kservice.o
 .text._heap_unlock
                0x02002944       0x40 ./rt-thread/src/kservice.o
 .text.rt_system_heap_init
                0x02002984       0x5c ./rt-thread/src/kservice.o
                0x02002984                rt_system_heap_init
 .text.rt_malloc
                0x020029e0       0x44 ./rt-thread/src/kservice.o
                0x020029e0                rt_malloc
 .text.rt_calloc
                0x02002a24       0x3c ./rt-thread/src/kservice.o
                0x02002a24                rt_calloc
 .text.rt_free  0x02002a60       0x40 ./rt-thread/src/kservice.o
                0x02002a60                rt_free
 .text.rt_assert_handler
                0x02002aa0       0x4c ./rt-thread/src/kservice.o
                0x02002aa0                rt_assert_handler
 .text.rt_memheap_init
                0x02002aec      0x148 ./rt-thread/src/memheap.o
                0x02002aec                rt_memheap_init
 .text.rt_memheap_alloc
                0x02002c34      0x20c ./rt-thread/src/memheap.o
                0x02002c34                rt_memheap_alloc
 .text.rt_memheap_free
                0x02002e40      0x1c0 ./rt-thread/src/memheap.o
                0x02002e40                rt_memheap_free
 .text._memheap_alloc
                0x02003000       0x88 ./rt-thread/src/memheap.o
                0x02003000                _memheap_alloc
 .text._memheap_free
                0x02003088       0x16 ./rt-thread/src/memheap.o
                0x02003088                _memheap_free
 .text.rt_list_insert_after
                0x0200309e       0x32 ./rt-thread/src/object.o
 .text.rt_list_remove
                0x020030d0       0x36 ./rt-thread/src/object.o
 *fill*         0x02003106        0x2 ff
 .text.rt_object_get_information
                0x02003108       0x48 ./rt-thread/src/object.o
                0x02003108                rt_object_get_information
 .text.rt_object_init
                0x02003150       0xc4 ./rt-thread/src/object.o
                0x02003150                rt_object_init
 .text.rt_object_detach
                0x02003214       0x5c ./rt-thread/src/object.o
                0x02003214                rt_object_detach
 .text.rt_object_allocate
                0x02003270       0xd8 ./rt-thread/src/object.o
                0x02003270                rt_object_allocate
 .text.rt_object_delete
                0x02003348       0x7c ./rt-thread/src/object.o
                0x02003348                rt_object_delete
 .text.rt_object_is_systemobject
                0x020033c4       0x3c ./rt-thread/src/object.o
                0x020033c4                rt_object_is_systemobject
 .text.rt_object_get_type
                0x02003400       0x34 ./rt-thread/src/object.o
                0x02003400                rt_object_get_type
 .text.rt_object_find
                0x02003434       0xb4 ./rt-thread/src/object.o
                0x02003434                rt_object_find
 .text.rt_list_init
                0x020034e8       0x22 ./rt-thread/src/scheduler_up.o
 .text.rt_list_insert_after
                0x0200350a       0x32 ./rt-thread/src/scheduler_up.o
 .text.rt_list_insert_before
                0x0200353c       0x32 ./rt-thread/src/scheduler_up.o
 .text.rt_list_remove
                0x0200356e       0x36 ./rt-thread/src/scheduler_up.o
 .text.rt_list_isempty
                0x020035a4       0x24 ./rt-thread/src/scheduler_up.o
 .text._scheduler_stack_check
                0x020035c8       0x94 ./rt-thread/src/scheduler_up.o
 .text._scheduler_get_highest_priority_thread
                0x0200365c       0x3c ./rt-thread/src/scheduler_up.o
 .text.rt_system_scheduler_init
                0x02003698       0x48 ./rt-thread/src/scheduler_up.o
                0x02003698                rt_system_scheduler_init
 .text.rt_system_scheduler_start
                0x020036e0       0x3c ./rt-thread/src/scheduler_up.o
                0x020036e0                rt_system_scheduler_start
 .text.rt_schedule
                0x0200371c      0x1a8 ./rt-thread/src/scheduler_up.o
                0x0200371c                rt_schedule
 .text.rt_schedule_insert_thread
                0x020038c4       0xd4 ./rt-thread/src/scheduler_up.o
                0x020038c4                rt_schedule_insert_thread
 .text.rt_schedule_remove_thread
                0x02003998       0x70 ./rt-thread/src/scheduler_up.o
                0x02003998                rt_schedule_remove_thread
 .text.rt_enter_critical
                0x02003a08       0x30 ./rt-thread/src/scheduler_up.o
                0x02003a08                rt_enter_critical
 .text.rt_exit_critical
                0x02003a38       0x58 ./rt-thread/src/scheduler_up.o
                0x02003a38                rt_exit_critical
 .text.rt_critical_level
                0x02003a90       0x1c ./rt-thread/src/scheduler_up.o
                0x02003a90                rt_critical_level
 .text.rt_list_init
                0x02003aac       0x22 ./rt-thread/src/thread.o
 .text.rt_list_remove
                0x02003ace       0x36 ./rt-thread/src/thread.o
 .text._thread_exit
                0x02003b04       0x42 ./rt-thread/src/thread.o
 *fill*         0x02003b46        0x2 ff
 .text._thread_timeout
                0x02003b48       0x8c ./rt-thread/src/thread.o
 .text._thread_init
                0x02003bd4      0x11c ./rt-thread/src/thread.o
 .text.rt_thread_init
                0x02003cf0       0x70 ./rt-thread/src/thread.o
                0x02003cf0                rt_thread_init
 .text.rt_thread_self
                0x02003d60       0x18 ./rt-thread/src/thread.o
                0x02003d60                rt_thread_self
 .text.rt_thread_startup
                0x02003d78       0x94 ./rt-thread/src/thread.o
                0x02003d78                rt_thread_startup
 .text.rt_thread_detach
                0x02003e0c       0xdc ./rt-thread/src/thread.o
                0x02003e0c                rt_thread_detach
 .text.rt_thread_create
                0x02003ee8       0x62 ./rt-thread/src/thread.o
                0x02003ee8                rt_thread_create
 *fill*         0x02003f4a        0x2 ff
 .text.rt_thread_delete
                0x02003f4c       0xdc ./rt-thread/src/thread.o
                0x02003f4c                rt_thread_delete
 .text.rt_thread_sleep
                0x02004028      0x16c ./rt-thread/src/thread.o
                0x02004028                rt_thread_sleep
 .text.rt_thread_delay
                0x02004194       0x18 ./rt-thread/src/thread.o
                0x02004194                rt_thread_delay
 .text.rt_thread_control
                0x020041ac      0x100 ./rt-thread/src/thread.o
                0x020041ac                rt_thread_control
 .text.rt_thread_set_suspend_state
                0x020042ac       0x8c ./rt-thread/src/thread.o
 .text.rt_thread_suspend_with_flag
                0x02004338       0xdc ./rt-thread/src/thread.o
                0x02004338                rt_thread_suspend_with_flag
 .text.rt_thread_resume
                0x02004414       0x98 ./rt-thread/src/thread.o
                0x02004414                rt_thread_resume
 .text.rt_list_init
                0x020044ac       0x22 ./rt-thread/src/timer.o
 .text.rt_list_insert_after
                0x020044ce       0x32 ./rt-thread/src/timer.o
 .text.rt_list_remove
                0x02004500       0x36 ./rt-thread/src/timer.o
 .text.rt_list_isempty
                0x02004536       0x24 ./rt-thread/src/timer.o
 .text._timer_init
                0x0200455a       0x68 ./rt-thread/src/timer.o
 .text._timer_list_next_timeout
                0x020045c2       0x48 ./rt-thread/src/timer.o
 .text._timer_remove
                0x0200460a       0x34 ./rt-thread/src/timer.o
 *fill*         0x0200463e        0x2 ff
 .text.rt_timer_init
                0x02004640       0x7c ./rt-thread/src/timer.o
                0x02004640                rt_timer_init
 .text.rt_timer_detach
                0x020046bc       0x90 ./rt-thread/src/timer.o
                0x020046bc                rt_timer_detach
 .text.rt_timer_start
                0x0200474c      0x228 ./rt-thread/src/timer.o
                0x0200474c                rt_timer_start
 .text.rt_timer_stop
                0x02004974       0x98 ./rt-thread/src/timer.o
                0x02004974                rt_timer_stop
 .text.rt_timer_control
                0x02004a0c      0x12c ./rt-thread/src/timer.o
                0x02004a0c                rt_timer_control
 .text.rt_timer_check
                0x02004b38      0x108 ./rt-thread/src/timer.o
                0x02004b38                rt_timer_check
 .text.rt_soft_timer_check
                0x02004c40      0x11c ./rt-thread/src/timer.o
                0x02004c40                rt_soft_timer_check
 .text._timer_thread_entry
                0x02004d5c       0x5c ./rt-thread/src/timer.o
 .text.rt_system_timer_init
                0x02004db8       0x34 ./rt-thread/src/timer.o
                0x02004db8                rt_system_timer_init
 .text.rt_system_timer_thread_init
                0x02004dec       0x68 ./rt-thread/src/timer.o
                0x02004dec                rt_system_timer_thread_init
 .text          0x02004e54      0x14c ./rt-thread/libcpu/arm/cortex-m85/context_gcc.o
                0x02004e54                rt_hw_interrupt_disable
                0x02004e5c                rt_hw_interrupt_enable
                0x02004e62                rt_hw_context_switch_interrupt
                0x02004e62                rt_hw_context_switch
                0x02004e82                PendSV_Handler
                0x02004ef8                rt_hw_context_switch_to
                0x02004f46                rt_hw_interrupt_thread_switch
                0x02004f4a                HardFault_Handler
 .text.rt_hw_stack_init
                0x02004fa0       0x90 ./rt-thread/libcpu/arm/cortex-m85/cpuport.o
                0x02004fa0                rt_hw_stack_init
 .text.usage_fault_track
                0x02005030       0xc4 ./rt-thread/libcpu/arm/cortex-m85/cpuport.o
 .text.bus_fault_track
                0x020050f4       0xcc ./rt-thread/libcpu/arm/cortex-m85/cpuport.o
 .text.mem_manage_fault_track
                0x020051c0       0xb4 ./rt-thread/libcpu/arm/cortex-m85/cpuport.o
 .text.hard_fault_track
                0x02005274       0x78 ./rt-thread/libcpu/arm/cortex-m85/cpuport.o
 .text.rt_hw_hard_fault_exception
                0x020052ec      0x184 ./rt-thread/libcpu/arm/cortex-m85/cpuport.o
                0x020052ec                rt_hw_hard_fault_exception
 .text.TaskSwitch_StackCheck
                0x02005470       0x1e ./rt-thread/libcpu/arm/cortex-m85/cpuport.o
                0x02005470                TaskSwitch_StackCheck
 .text.__rt_ffs
                0x0200548e       0x2a ./rt-thread/libcpu/arm/cortex-m85/cpuport.o
                0x0200548e                __rt_ffs
 .text.__errno  0x020054b8        0xe ./rt-thread/components/libc/compilers/newlib/syscalls.o
                0x020054b8                __errno
 .text.rt_list_isempty
                0x020054c6       0x24 ./rt-thread/components/finsh/cmd.o
 .text.rt_list_len
                0x020054ea       0x36 ./rt-thread/components/finsh/cmd.o
 .text.clear    0x02005520       0x14 ./rt-thread/components/finsh/cmd.o
 .text.version  0x02005534        0xe ./rt-thread/components/finsh/cmd.o
                0x02005534                version
 *fill*         0x02005542        0x2 ff
 .text.object_split
                0x02005544       0x28 ./rt-thread/components/finsh/cmd.o
 .text.list_find_init
                0x0200556c       0x46 ./rt-thread/components/finsh/cmd.o
 .text.list_get_next
                0x020055b2       0xc0 ./rt-thread/components/finsh/cmd.o
 *fill*         0x02005672        0x2 ff
 .text.list_thread
                0x02005674      0x258 ./rt-thread/components/finsh/cmd.o
                0x02005674                list_thread
 .text.show_wait_queue
                0x020058cc       0x54 ./rt-thread/components/finsh/cmd.o
 .text.list_sem
                0x02005920      0x128 ./rt-thread/components/finsh/cmd.o
                0x02005920                list_sem
 .text.list_event
                0x02005a48      0x114 ./rt-thread/components/finsh/cmd.o
                0x02005a48                list_event
 .text.list_mutex
                0x02005b5c      0x160 ./rt-thread/components/finsh/cmd.o
                0x02005b5c                list_mutex
 .text.list_mailbox
                0x02005cbc      0x138 ./rt-thread/components/finsh/cmd.o
                0x02005cbc                list_mailbox
 .text.list_msgqueue
                0x02005df4      0x128 ./rt-thread/components/finsh/cmd.o
                0x02005df4                list_msgqueue
 .text.list_memheap
                0x02005f1c       0xd4 ./rt-thread/components/finsh/cmd.o
                0x02005f1c                list_memheap
 .text.list_mempool
                0x02005ff0      0x140 ./rt-thread/components/finsh/cmd.o
                0x02005ff0                list_mempool
 .text.list_timer
                0x02006130      0x124 ./rt-thread/components/finsh/cmd.o
                0x02006130                list_timer
 .text.list_device
                0x02006254      0x100 ./rt-thread/components/finsh/cmd.o
                0x02006254                list_device
 .text.cmd_list
                0x02006354       0xc0 ./rt-thread/components/finsh/cmd.o
                0x02006354                cmd_list
 .text.msh_help
                0x02006414       0x5c ./rt-thread/components/finsh/msh.o
                0x02006414                msh_help
 .text.cmd_ps   0x02006470       0x18 ./rt-thread/components/finsh/msh.o
                0x02006470                cmd_ps
 .text.cmd_free
                0x02006488       0x18 ./rt-thread/components/finsh/msh.o
                0x02006488                cmd_free
 .text.msh_split
                0x020064a0      0x170 ./rt-thread/components/finsh/msh.o
 .text.msh_get_cmd
                0x02006610       0x64 ./rt-thread/components/finsh/msh.o
 .text._msh_exec_cmd
                0x02006674       0xd4 ./rt-thread/components/finsh/msh.o
 .text.msh_exec
                0x02006748       0x90 ./rt-thread/components/finsh/msh.o
                0x02006748                msh_exec
 .text.str_common
                0x020067d8       0x4a ./rt-thread/components/finsh/msh.o
 *fill*         0x02006822        0x2 ff
 .text.msh_auto_complete
                0x02006824       0xb0 ./rt-thread/components/finsh/msh.o
                0x02006824                msh_auto_complete
 .text.msh_get_cmd_opt
                0x020068d4       0x84 ./rt-thread/components/finsh/msh.o
 .text.msh_get_argc
                0x02006958       0x5a ./rt-thread/components/finsh/msh.o
 *fill*         0x020069b2        0x2 ff
 .text.msh_opt_complete
                0x020069b4       0xac ./rt-thread/components/finsh/msh.o
 .text.msh_opt_help
                0x02006a60       0x44 ./rt-thread/components/finsh/msh.o
 .text.msh_opt_auto_complete
                0x02006aa4       0x9a ./rt-thread/components/finsh/msh.o
                0x02006aa4                msh_opt_auto_complete
 .text.msh_cmd_opt_id_get
                0x02006b3e       0x5a ./rt-thread/components/finsh/msh.o
                0x02006b3e                msh_cmd_opt_id_get
 .text.msh_opt_list_dump
                0x02006b98       0x40 ./rt-thread/components/finsh/msh.o
                0x02006b98                msh_opt_list_dump
 .text.msh_isint
                0x02006bd8       0x6c ./rt-thread/components/finsh/msh_parse.o
                0x02006bd8                msh_isint
 .text.finsh_get_prompt
                0x02006c44       0x78 ./rt-thread/components/finsh/shell.o
                0x02006c44                finsh_get_prompt
 .text.finsh_set_prompt_mode
                0x02006cbc       0x48 ./rt-thread/components/finsh/shell.o
                0x02006cbc                finsh_set_prompt_mode
 .text.finsh_getchar
                0x02006d04       0x90 ./rt-thread/components/finsh/shell.o
                0x02006d04                finsh_getchar
 .text.finsh_rx_ind
                0x02006d94       0x3c ./rt-thread/components/finsh/shell.o
 .text.finsh_set_device
                0x02006dd0       0xd8 ./rt-thread/components/finsh/shell.o
                0x02006dd0                finsh_set_device
 .text.shell_auto_complete
                0x02006ea8       0x3c ./rt-thread/components/finsh/shell.o
 .text.shell_handle_history
                0x02006ee4       0x34 ./rt-thread/components/finsh/shell.o
 .text.shell_push_history
                0x02006f18      0x15e ./rt-thread/components/finsh/shell.o
 *fill*         0x02007076        0x2 ff
 .text.finsh_thread_entry
                0x02007078      0x5cc ./rt-thread/components/finsh/shell.o
                0x02007078                finsh_thread_entry
 .text.finsh_system_function_init
                0x02007644       0x2c ./rt-thread/components/finsh/shell.o
                0x02007644                finsh_system_function_init
 .text.finsh_system_init
                0x02007670       0x9c ./rt-thread/components/finsh/shell.o
                0x02007670                finsh_system_init
 .text.fal_init
                0x0200770c       0x8c ./rt-thread/components/fal/src/fal.o
                0x0200770c                fal_init
 .text.fal_init_check
                0x02007798       0x18 ./rt-thread/components/fal/src/fal.o
                0x02007798                fal_init_check
 .text.fal_flash_init
                0x020077b0      0x110 ./rt-thread/components/fal/src/fal_flash.o
                0x020077b0                fal_flash_init
 .text.fal_flash_device_find
                0x020078c0       0x88 ./rt-thread/components/fal/src/fal_flash.o
                0x020078c0                fal_flash_device_find
 .text.fal_show_part_table
                0x02007948      0x16c ./rt-thread/components/fal/src/fal_partition.o
                0x02007948                fal_show_part_table
 .text.check_and_update_part_cache
                0x02007ab4       0xe4 ./rt-thread/components/fal/src/fal_partition.o
 .text.fal_partition_init
                0x02007b98       0x5c ./rt-thread/components/fal/src/fal_partition.o
                0x02007b98                fal_partition_init
 .text.fal_partition_find
                0x02007bf4       0x68 ./rt-thread/components/fal/src/fal_partition.o
                0x02007bf4                fal_partition_find
 .text.flash_device_find_by_part
                0x02007c5c       0x78 ./rt-thread/components/fal/src/fal_partition.o
 .text.fal_partition_read
                0x02007cd4      0x118 ./rt-thread/components/fal/src/fal_partition.o
                0x02007cd4                fal_partition_read
 .text.fal_partition_write
                0x02007dec      0x108 ./rt-thread/components/fal/src/fal_partition.o
                0x02007dec                fal_partition_write
 .text.fal_partition_erase
                0x02007ef4       0xf0 ./rt-thread/components/fal/src/fal_partition.o
                0x02007ef4                fal_partition_erase
 .text.fal      0x02007fe4      0x8dc ./rt-thread/components/fal/src/fal_rtt.o
 .text.init     0x020088c0       0x44 ./rt-thread/components/fal/samples/porting/fal_flash_sfud_port.o
 .text.read     0x02008904       0x74 ./rt-thread/components/fal/samples/porting/fal_flash_sfud_port.o
 .text.write    0x02008978       0x80 ./rt-thread/components/fal/samples/porting/fal_flash_sfud_port.o
 .text.erase    0x020089f8       0x80 ./rt-thread/components/fal/samples/porting/fal_flash_sfud_port.o
 .text.sfud_device_init
                0x02008a78       0x88 ./rt-thread/components/drivers/spi/sfud/src/sfud.o
                0x02008a78                sfud_device_init
 .text.qspi_set_read_cmd_format
                0x02008b00       0x92 ./rt-thread/components/drivers/spi/sfud/src/sfud.o
 *fill*         0x02008b92        0x2 ff
 .text.sfud_qspi_fast_read_enable
                0x02008b94      0x150 ./rt-thread/components/drivers/spi/sfud/src/sfud.o
                0x02008b94                sfud_qspi_fast_read_enable
 .text.hardware_init
                0x02008ce4      0x33c ./rt-thread/components/drivers/spi/sfud/src/sfud.o
 .text.software_init
                0x02009020       0x1a ./rt-thread/components/drivers/spi/sfud/src/sfud.o
 *fill*         0x0200903a        0x2 ff
 .text.sfud_read
                0x0200903c       0xe8 ./rt-thread/components/drivers/spi/sfud/src/sfud.o
                0x0200903c                sfud_read
 .text.sfud_chip_erase
                0x02009124       0xd8 ./rt-thread/components/drivers/spi/sfud/src/sfud.o
                0x02009124                sfud_chip_erase
 .text.sfud_erase
                0x020091fc      0x1fc ./rt-thread/components/drivers/spi/sfud/src/sfud.o
                0x020091fc                sfud_erase
 .text.page256_or_1_byte_write
                0x020093f8      0x190 ./rt-thread/components/drivers/spi/sfud/src/sfud.o
 .text.aai_write
                0x02009588      0x1d0 ./rt-thread/components/drivers/spi/sfud/src/sfud.o
 .text.sfud_write
                0x02009758       0x5c ./rt-thread/components/drivers/spi/sfud/src/sfud.o
                0x02009758                sfud_write
 .text.sfud_erase_write
                0x020097b4       0x40 ./rt-thread/components/drivers/spi/sfud/src/sfud.o
                0x020097b4                sfud_erase_write
 .text.reset    0x020097f4       0xb4 ./rt-thread/components/drivers/spi/sfud/src/sfud.o
 .text.read_jedec_id
                0x020098a8       0x74 ./rt-thread/components/drivers/spi/sfud/src/sfud.o
 .text.set_write_enabled
                0x0200991c       0xc4 ./rt-thread/components/drivers/spi/sfud/src/sfud.o
 .text.set_4_byte_address_mode
                0x020099e0       0xa0 ./rt-thread/components/drivers/spi/sfud/src/sfud.o
 .text.sfud_read_status
                0x02009a80       0x30 ./rt-thread/components/drivers/spi/sfud/src/sfud.o
                0x02009a80                sfud_read_status
 .text.wait_busy
                0x02009ab0       0x90 ./rt-thread/components/drivers/spi/sfud/src/sfud.o
 .text.make_address_byte_array
                0x02009b40       0x5a ./rt-thread/components/drivers/spi/sfud/src/sfud.o
 *fill*         0x02009b9a        0x2 ff
 .text.sfud_write_status
                0x02009b9c       0xa0 ./rt-thread/components/drivers/spi/sfud/src/sfud.o
                0x02009b9c                sfud_write_status
 .text.sfud_read_sfdp
                0x02009c3c       0x64 ./rt-thread/components/drivers/spi/sfud/src/sfud_sfdp.o
                0x02009c3c                sfud_read_sfdp
 .text.read_sfdp_header
                0x02009ca0       0xb8 ./rt-thread/components/drivers/spi/sfud/src/sfud_sfdp.o
 .text.read_basic_header
                0x02009d58       0xdc ./rt-thread/components/drivers/spi/sfud/src/sfud_sfdp.o
 .text.read_basic_table
                0x02009e34      0x388 ./rt-thread/components/drivers/spi/sfud/src/sfud_sfdp.o
 .text.read_sfdp_data
                0x0200a1bc       0x4e ./rt-thread/components/drivers/spi/sfud/src/sfud_sfdp.o
 .text.sfud_sfdp_get_suitable_eraser
                0x0200a20a       0x88 ./rt-thread/components/drivers/spi/sfud/src/sfud_sfdp.o
                0x0200a20a                sfud_sfdp_get_suitable_eraser
 *fill*         0x0200a292        0x2 ff
 .text.rt_qspi_configure
                0x0200a294       0x98 ./rt-thread/components/drivers/spi/qspi_core.o
                0x0200a294                rt_qspi_configure
 .text.rt_qspi_transfer_message
                0x0200a32c       0xd4 ./rt-thread/components/drivers/spi/qspi_core.o
                0x0200a32c                rt_qspi_transfer_message
 .text.rt_qspi_send_then_recv
                0x0200a400      0x184 ./rt-thread/components/drivers/spi/qspi_core.o
                0x0200a400                rt_qspi_send_then_recv
 .text.rt_qspi_send
                0x0200a584      0x178 ./rt-thread/components/drivers/spi/qspi_core.o
                0x0200a584                rt_qspi_send
 .text.rt_spi_bus_register
                0x0200a6fc       0x4c ./rt-thread/components/drivers/spi/spi_core.o
                0x0200a6fc                rt_spi_bus_register
 .text.rt_spi_bus_attach_device_cspin
                0x0200a748       0x78 ./rt-thread/components/drivers/spi/spi_core.o
                0x0200a748                rt_spi_bus_attach_device_cspin
 .text.rt_spi_configure
                0x0200a7c0      0x128 ./rt-thread/components/drivers/spi/spi_core.o
                0x0200a7c0                rt_spi_configure
 .text.rt_spi_send_then_recv
                0x0200a8e8      0x184 ./rt-thread/components/drivers/spi/spi_core.o
                0x0200a8e8                rt_spi_send_then_recv
 .text.rt_spi_transfer
                0x0200aa6c      0x128 ./rt-thread/components/drivers/spi/spi_core.o
                0x0200aa6c                rt_spi_transfer
 .text._spi_bus_device_read
                0x0200ab94       0x58 ./rt-thread/components/drivers/spi/spi_dev.o
 .text._spi_bus_device_write
                0x0200abec       0x58 ./rt-thread/components/drivers/spi/spi_dev.o
 .text.rt_spi_bus_device_init
                0x0200ac44       0x6c ./rt-thread/components/drivers/spi/spi_dev.o
                0x0200ac44                rt_spi_bus_device_init
 .text._spidev_device_read
                0x0200acb0       0x58 ./rt-thread/components/drivers/spi/spi_dev.o
 .text._spidev_device_write
                0x0200ad08       0x58 ./rt-thread/components/drivers/spi/spi_dev.o
 .text._spidev_device_control
                0x0200ad60       0x28 ./rt-thread/components/drivers/spi/spi_dev.o
 .text.rt_spidev_device_init
                0x0200ad88       0x70 ./rt-thread/components/drivers/spi/spi_dev.o
                0x0200ad88                rt_spidev_device_init
 .text.rt_spi_recv
                0x0200adf8       0x22 ./rt-thread/components/drivers/spi/spi_flash_sfud.o
 .text.rt_spi_send
                0x0200ae1a       0x22 ./rt-thread/components/drivers/spi/spi_flash_sfud.o
 .text.rt_sfud_control
                0x0200ae3c      0x100 ./rt-thread/components/drivers/spi/spi_flash_sfud.o
 .text.rt_sfud_read
                0x0200af3c       0x94 ./rt-thread/components/drivers/spi/spi_flash_sfud.o
 .text.rt_sfud_write
                0x0200afd0       0x94 ./rt-thread/components/drivers/spi/spi_flash_sfud.o
 .text.spi_write_read
                0x0200b064      0x160 ./rt-thread/components/drivers/spi/spi_flash_sfud.o
 .text.qspi_read
                0x0200b1c4      0x108 ./rt-thread/components/drivers/spi/spi_flash_sfud.o
 .text.spi_lock
                0x0200b2cc       0x6c ./rt-thread/components/drivers/spi/spi_flash_sfud.o
 .text.spi_unlock
                0x0200b338       0x68 ./rt-thread/components/drivers/spi/spi_flash_sfud.o
 .text.retry_delay_100us
                0x0200b3a0        0xe ./rt-thread/components/drivers/spi/spi_flash_sfud.o
 *fill*         0x0200b3ae        0x2 ff
 .text.sfud_spi_port_init
                0x0200b3b0       0x74 ./rt-thread/components/drivers/spi/spi_flash_sfud.o
                0x0200b3b0                sfud_spi_port_init
 .text.rt_sfud_flash_probe_ex
                0x0200b424      0x2f0 ./rt-thread/components/drivers/spi/spi_flash_sfud.o
                0x0200b424                rt_sfud_flash_probe_ex
 .text.rt_sfud_flash_probe
                0x0200b714       0x64 ./rt-thread/components/drivers/spi/spi_flash_sfud.o
                0x0200b714                rt_sfud_flash_probe
 .text.rt_sfud_flash_delete
                0x0200b778       0x7c ./rt-thread/components/drivers/spi/spi_flash_sfud.o
                0x0200b778                rt_sfud_flash_delete
 .text.rt_sfud_flash_find_by_dev_name
                0x0200b7f4       0x80 ./rt-thread/components/drivers/spi/spi_flash_sfud.o
                0x0200b7f4                rt_sfud_flash_find_by_dev_name
 .text.sf       0x0200b874      0x880 ./rt-thread/components/drivers/spi/spi_flash_sfud.o
 .text.rt_serial_get_linear_buffer
                0x0200c0f4       0x7c ./rt-thread/components/drivers/serial/serial_v2.o
 .text.rt_serial_update_read_index
                0x0200c170       0xbc ./rt-thread/components/drivers/serial/serial_v2.o
 .text.rt_serial_update_write_index
                0x0200c22c       0xe8 ./rt-thread/components/drivers/serial/serial_v2.o
 .text._serial_poll_rx
                0x0200c314       0xa4 ./rt-thread/components/drivers/serial/serial_v2.o
                0x0200c314                _serial_poll_rx
 .text._serial_poll_tx
                0x0200c3b8       0x9c ./rt-thread/components/drivers/serial/serial_v2.o
                0x0200c3b8                _serial_poll_tx
 .text._serial_fifo_rx
                0x0200c454       0xf4 ./rt-thread/components/drivers/serial/serial_v2.o
 .text._serial_fifo_tx_blocking_nbuf
                0x0200c548       0xd8 ./rt-thread/components/drivers/serial/serial_v2.o
 .text._serial_fifo_tx_blocking_buf
                0x0200c620      0x11c ./rt-thread/components/drivers/serial/serial_v2.o
 .text._serial_fifo_tx_nonblocking
                0x0200c73c       0xd0 ./rt-thread/components/drivers/serial/serial_v2.o
 .text.rt_serial_tx_enable
                0x0200c80c      0x1f0 ./rt-thread/components/drivers/serial/serial_v2.o
 .text.rt_serial_rx_enable
                0x0200c9fc      0x158 ./rt-thread/components/drivers/serial/serial_v2.o
 .text.rt_serial_rx_disable
                0x0200cb54       0xb4 ./rt-thread/components/drivers/serial/serial_v2.o
 .text.rt_serial_tx_disable
                0x0200cc08       0xcc ./rt-thread/components/drivers/serial/serial_v2.o
 .text.rt_serial_init
                0x0200ccd4       0x78 ./rt-thread/components/drivers/serial/serial_v2.o
 .text.rt_serial_open
                0x0200cd4c       0xf4 ./rt-thread/components/drivers/serial/serial_v2.o
 .text.rt_serial_close
                0x0200ce40       0x90 ./rt-thread/components/drivers/serial/serial_v2.o
 .text.rt_serial_control
                0x0200ced0      0x124 ./rt-thread/components/drivers/serial/serial_v2.o
 .text.rt_hw_serial_register
                0x0200cff4       0x94 ./rt-thread/components/drivers/serial/serial_v2.o
                0x0200cff4                rt_hw_serial_register
 .text.rt_hw_serial_isr
                0x0200d088      0x230 ./rt-thread/components/drivers/serial/serial_v2.o
                0x0200d088                rt_hw_serial_isr
 .text._pin_read
                0x0200d2b8       0x60 ./rt-thread/components/drivers/misc/pin.o
 .text._pin_write
                0x0200d318       0x5c ./rt-thread/components/drivers/misc/pin.o
 .text._pin_control
                0x0200d374       0x54 ./rt-thread/components/drivers/misc/pin.o
 .text.rt_device_pin_register
                0x0200d3c8       0x74 ./rt-thread/components/drivers/misc/pin.o
                0x0200d3c8                rt_device_pin_register
 .text.rt_pin_mode
                0x0200d43c       0x40 ./rt-thread/components/drivers/misc/pin.o
                0x0200d43c                rt_pin_mode
 .text.rt_pin_write
                0x0200d47c       0x40 ./rt-thread/components/drivers/misc/pin.o
                0x0200d47c                rt_pin_write
 .text.rt_pin_read
                0x0200d4bc       0x3c ./rt-thread/components/drivers/misc/pin.o
                0x0200d4bc                rt_pin_read
 .text.rt_pin_get
                0x0200d4f8       0x4c ./rt-thread/components/drivers/misc/pin.o
                0x0200d4f8                rt_pin_get
 .text._pin_cmd_conv
                0x0200d544       0x18 ./rt-thread/components/drivers/misc/pin.o
 .text._pin_cmd_print_usage
                0x0200d55c       0x78 ./rt-thread/components/drivers/misc/pin.o
 .text._pin_cmd_get
                0x0200d5d4       0x5c ./rt-thread/components/drivers/misc/pin.o
 .text._pin_cmd_mode
                0x0200d630      0x110 ./rt-thread/components/drivers/misc/pin.o
 .text._pin_cmd_read
                0x0200d740       0x94 ./rt-thread/components/drivers/misc/pin.o
 .text._pin_cmd_write
                0x0200d7d4       0xe4 ./rt-thread/components/drivers/misc/pin.o
 .text._pin_cmd
                0x0200d8b8       0xac ./rt-thread/components/drivers/misc/pin.o
 .text.rt_list_init
                0x0200d964       0x22 ./rt-thread/components/drivers/ipc/completion.o
 .text.rt_list_insert_before
                0x0200d986       0x32 ./rt-thread/components/drivers/ipc/completion.o
 .text.rt_list_isempty
                0x0200d9b8       0x24 ./rt-thread/components/drivers/ipc/completion.o
 .text.rt_completion_init
                0x0200d9dc       0x44 ./rt-thread/components/drivers/ipc/completion.o
                0x0200d9dc                rt_completion_init
 .text.rt_completion_wait
                0x0200da20      0x1a8 ./rt-thread/components/drivers/ipc/completion.o
                0x0200da20                rt_completion_wait
 .text.rt_completion_done
                0x0200dbc8       0x70 ./rt-thread/components/drivers/ipc/completion.o
                0x0200dbc8                rt_completion_done
 .text.rt_ringbuffer_status
                0x0200dc38       0x4a ./rt-thread/components/drivers/ipc/ringbuffer.o
 *fill*         0x0200dc82        0x2 ff
 .text.rt_ringbuffer_init
                0x0200dc84       0x94 ./rt-thread/components/drivers/ipc/ringbuffer.o
                0x0200dc84                rt_ringbuffer_init
 .text.rt_ringbuffer_put
                0x0200dd18      0x13c ./rt-thread/components/drivers/ipc/ringbuffer.o
                0x0200dd18                rt_ringbuffer_put
 .text.rt_ringbuffer_get
                0x0200de54      0x130 ./rt-thread/components/drivers/ipc/ringbuffer.o
                0x0200de54                rt_ringbuffer_get
 .text.rt_ringbuffer_putchar
                0x0200df84       0xb0 ./rt-thread/components/drivers/ipc/ringbuffer.o
                0x0200df84                rt_ringbuffer_putchar
 .text.rt_ringbuffer_data_len
                0x0200e034       0x5e ./rt-thread/components/drivers/ipc/ringbuffer.o
                0x0200e034                rt_ringbuffer_data_len
 .text.rt_device_register
                0x0200e092       0x54 ./rt-thread/components/drivers/core/device.o
                0x0200e092                rt_device_register
 *fill*         0x0200e0e6        0x2 ff
 .text.rt_device_unregister
                0x0200e0e8       0x6c ./rt-thread/components/drivers/core/device.o
                0x0200e0e8                rt_device_unregister
 .text.rt_device_find
                0x0200e154       0x1a ./rt-thread/components/drivers/core/device.o
                0x0200e154                rt_device_find
 *fill*         0x0200e16e        0x2 ff
 .text.rt_device_open
                0x0200e170      0x150 ./rt-thread/components/drivers/core/device.o
                0x0200e170                rt_device_open
 .text.rt_device_close
                0x0200e2c0       0x9c ./rt-thread/components/drivers/core/device.o
                0x0200e2c0                rt_device_close
 .text.rt_device_read
                0x0200e35c       0x88 ./rt-thread/components/drivers/core/device.o
                0x0200e35c                rt_device_read
 .text.rt_device_write
                0x0200e3e4       0x88 ./rt-thread/components/drivers/core/device.o
                0x0200e3e4                rt_device_write
 .text.rt_device_set_rx_indicate
                0x0200e46c       0x54 ./rt-thread/components/drivers/core/device.o
                0x0200e46c                rt_device_set_rx_indicate
 .text.main     0x0200e4c0        0xe ./ra_gen/main.o
                0x0200e4c0                main
 *fill*         0x0200e4ce        0x2 ff
 .text.__NVIC_SetPriority
                0x0200e4d0       0x54 ./ra/fsp/src/r_spi_b/r_spi_b.o
 .text.R_FSP_CurrentIrqGet
                0x0200e524       0x2c ./ra/fsp/src/r_spi_b/r_spi_b.o
 .text.R_FSP_SystemClockHzGet
                0x0200e550       0xc0 ./ra/fsp/src/r_spi_b/r_spi_b.o
 .text.R_FSP_ClockDividerGet
                0x0200e610       0x44 ./ra/fsp/src/r_spi_b/r_spi_b.o
 .text.R_FSP_SpiClockHzGet
                0x0200e654       0x48 ./ra/fsp/src/r_spi_b/r_spi_b.o
 .text.R_FSP_IsrContextSet
                0x0200e69c       0x28 ./ra/fsp/src/r_spi_b/r_spi_b.o
 .text.R_BSP_IrqStatusClear
                0x0200e6c4       0x40 ./ra/fsp/src/r_spi_b/r_spi_b.o
 .text.R_BSP_IrqClearPending
                0x0200e704       0x48 ./ra/fsp/src/r_spi_b/r_spi_b.o
 .text.R_BSP_IrqCfg
                0x0200e74c       0x2e ./ra/fsp/src/r_spi_b/r_spi_b.o
 *fill*         0x0200e77a        0x2 ff
 .text.R_BSP_IrqEnableNoClear
                0x0200e77c       0x38 ./ra/fsp/src/r_spi_b/r_spi_b.o
 .text.R_BSP_IrqEnable
                0x0200e7b4       0x26 ./ra/fsp/src/r_spi_b/r_spi_b.o
 *fill*         0x0200e7da        0x2 ff
 .text.R_BSP_IrqDisable
                0x0200e7dc       0x48 ./ra/fsp/src/r_spi_b/r_spi_b.o
 .text.R_BSP_IrqCfgEnable
                0x0200e824       0x2e ./ra/fsp/src/r_spi_b/r_spi_b.o
 *fill*         0x0200e852        0x2 ff
 .text.R_FSP_IsrContextGet
                0x0200e854       0x24 ./ra/fsp/src/r_spi_b/r_spi_b.o
 .text.R_SPI_B_Open
                0x0200e878       0x78 ./ra/fsp/src/r_spi_b/r_spi_b.o
                0x0200e878                R_SPI_B_Open
 .text.R_SPI_B_Read
                0x0200e8f0       0x28 ./ra/fsp/src/r_spi_b/r_spi_b.o
                0x0200e8f0                R_SPI_B_Read
 .text.R_SPI_B_Write
                0x0200e918       0x28 ./ra/fsp/src/r_spi_b/r_spi_b.o
                0x0200e918                R_SPI_B_Write
 .text.R_SPI_B_WriteRead
                0x0200e940       0x28 ./ra/fsp/src/r_spi_b/r_spi_b.o
                0x0200e940                R_SPI_B_WriteRead
 .text.R_SPI_B_CalculateBitrate
                0x0200e968       0xbe ./ra/fsp/src/r_spi_b/r_spi_b.o
                0x0200e968                R_SPI_B_CalculateBitrate
 *fill*         0x0200ea26        0x2 ff
 .text.r_spi_b_transfer_config
                0x0200ea28       0xb8 ./ra/fsp/src/r_spi_b/r_spi_b.o
 .text.r_spi_b_hw_config
                0x0200eae0      0x25c ./ra/fsp/src/r_spi_b/r_spi_b.o
 .text.r_spi_b_nvic_config
                0x0200ed3c       0x68 ./ra/fsp/src/r_spi_b/r_spi_b.o
 .text.r_spi_b_bit_width_config
                0x0200eda4       0x3a ./ra/fsp/src/r_spi_b/r_spi_b.o
 .text.r_spi_b_start_transfer
                0x0200edde       0x28 ./ra/fsp/src/r_spi_b/r_spi_b.o
 *fill*         0x0200ee06        0x2 ff
 .text.r_spi_b_write_read_common
                0x0200ee08      0x190 ./ra/fsp/src/r_spi_b/r_spi_b.o
 .text.r_spi_b_receive
                0x0200ef98       0x98 ./ra/fsp/src/r_spi_b/r_spi_b.o
 .text.r_spi_b_transmit
                0x0200f030       0x96 ./ra/fsp/src/r_spi_b/r_spi_b.o
 .text.r_spi_b_call_callback
                0x0200f0c6       0x70 ./ra/fsp/src/r_spi_b/r_spi_b.o
 .text.spi_b_rxi_isr
                0x0200f136       0x4c ./ra/fsp/src/r_spi_b/r_spi_b.o
                0x0200f136                spi_b_rxi_isr
 .text.spi_b_txi_isr
                0x0200f182       0x78 ./ra/fsp/src/r_spi_b/r_spi_b.o
                0x0200f182                spi_b_txi_isr
 .text.spi_b_tei_isr
                0x0200f1fa       0x80 ./ra/fsp/src/r_spi_b/r_spi_b.o
                0x0200f1fa                spi_b_tei_isr
 *fill*         0x0200f27a        0x2 ff
 .text.spi_b_eri_isr
                0x0200f27c       0xa8 ./ra/fsp/src/r_spi_b/r_spi_b.o
                0x0200f27c                spi_b_eri_isr
 .text.__NVIC_SetPriority
                0x0200f324       0x54 ./ra/fsp/src/r_sci_b_uart/r_sci_b_uart.o
 .text.R_FSP_CurrentIrqGet
                0x0200f378       0x2c ./ra/fsp/src/r_sci_b_uart/r_sci_b_uart.o
 .text.R_FSP_IsrContextSet
                0x0200f3a4       0x28 ./ra/fsp/src/r_sci_b_uart/r_sci_b_uart.o
 .text.R_BSP_IrqStatusClear
                0x0200f3cc       0x40 ./ra/fsp/src/r_sci_b_uart/r_sci_b_uart.o
 .text.R_BSP_IrqClearPending
                0x0200f40c       0x48 ./ra/fsp/src/r_sci_b_uart/r_sci_b_uart.o
 .text.R_BSP_IrqCfg
                0x0200f454       0x2e ./ra/fsp/src/r_sci_b_uart/r_sci_b_uart.o
 *fill*         0x0200f482        0x2 ff
 .text.R_BSP_IrqEnableNoClear
                0x0200f484       0x38 ./ra/fsp/src/r_sci_b_uart/r_sci_b_uart.o
 .text.R_BSP_IrqEnable
                0x0200f4bc       0x26 ./ra/fsp/src/r_sci_b_uart/r_sci_b_uart.o
 *fill*         0x0200f4e2        0x2 ff
 .text.R_BSP_IrqDisable
                0x0200f4e4       0x48 ./ra/fsp/src/r_sci_b_uart/r_sci_b_uart.o
 .text.R_FSP_IsrContextGet
                0x0200f52c       0x24 ./ra/fsp/src/r_sci_b_uart/r_sci_b_uart.o
 .text.R_SCI_B_UART_Open
                0x0200f550      0x1a4 ./ra/fsp/src/r_sci_b_uart/r_sci_b_uart.o
                0x0200f550                R_SCI_B_UART_Open
 .text.r_sci_b_uart_config_set
                0x0200f6f4      0x160 ./ra/fsp/src/r_sci_b_uart/r_sci_b_uart.o
 .text.r_sci_b_uart_fifo_cfg
                0x0200f854       0x70 ./ra/fsp/src/r_sci_b_uart/r_sci_b_uart.o
 .text.r_sci_b_irq_cfg
                0x0200f8c4       0x3a ./ra/fsp/src/r_sci_b_uart/r_sci_b_uart.o
 .text.r_sci_b_irqs_cfg
                0x0200f8fe       0x5a ./ra/fsp/src/r_sci_b_uart/r_sci_b_uart.o
 .text.r_sci_b_uart_call_callback
                0x0200f958       0x76 ./ra/fsp/src/r_sci_b_uart/r_sci_b_uart.o
 .text.sci_b_uart_txi_isr
                0x0200f9ce      0x176 ./ra/fsp/src/r_sci_b_uart/r_sci_b_uart.o
                0x0200f9ce                sci_b_uart_txi_isr
 .text.sci_b_uart_rxi_isr
                0x0200fb44      0x13e ./ra/fsp/src/r_sci_b_uart/r_sci_b_uart.o
                0x0200fb44                sci_b_uart_rxi_isr
 *fill*         0x0200fc82        0x2 ff
 .text.sci_b_uart_tei_isr
                0x0200fc84       0x54 ./ra/fsp/src/r_sci_b_uart/r_sci_b_uart.o
                0x0200fc84                sci_b_uart_tei_isr
 .text.sci_b_uart_eri_isr
                0x0200fcd8       0xd2 ./ra/fsp/src/r_sci_b_uart/r_sci_b_uart.o
                0x0200fcd8                sci_b_uart_eri_isr
 *fill*         0x0200fdaa        0x2 ff
 .text.R_BSP_PinRead
                0x0200fdac       0x38 ./ra/fsp/src/r_ioport/r_ioport.o
 .text.R_BSP_PinAccessEnable
                0x0200fde4       0x60 ./ra/fsp/src/r_ioport/r_ioport.o
 .text.R_BSP_PinAccessDisable
                0x0200fe44       0x68 ./ra/fsp/src/r_ioport/r_ioport.o
 .text.R_IOPORT_Open
                0x0200feac       0x28 ./ra/fsp/src/r_ioport/r_ioport.o
                0x0200feac                R_IOPORT_Open
 .text.R_IOPORT_Close
                0x0200fed4       0x20 ./ra/fsp/src/r_ioport/r_ioport.o
                0x0200fed4                R_IOPORT_Close
 .text.R_IOPORT_PinsCfg
                0x0200fef4       0x1a ./ra/fsp/src/r_ioport/r_ioport.o
                0x0200fef4                R_IOPORT_PinsCfg
 .text.R_IOPORT_PinCfg
                0x0200ff0e       0x46 ./ra/fsp/src/r_ioport/r_ioport.o
                0x0200ff0e                R_IOPORT_PinCfg
 .text.R_IOPORT_PinRead
                0x0200ff54       0x28 ./ra/fsp/src/r_ioport/r_ioport.o
                0x0200ff54                R_IOPORT_PinRead
 .text.R_IOPORT_PortRead
                0x0200ff7c       0x3c ./ra/fsp/src/r_ioport/r_ioport.o
                0x0200ff7c                R_IOPORT_PortRead
 .text.R_IOPORT_PortWrite
                0x0200ffb8       0x64 ./ra/fsp/src/r_ioport/r_ioport.o
                0x0200ffb8                R_IOPORT_PortWrite
 .text.R_IOPORT_PinWrite
                0x0201001c       0x70 ./ra/fsp/src/r_ioport/r_ioport.o
                0x0201001c                R_IOPORT_PinWrite
 .text.R_IOPORT_PortDirectionSet
                0x0201008c       0x74 ./ra/fsp/src/r_ioport/r_ioport.o
                0x0201008c                R_IOPORT_PortDirectionSet
 .text.R_IOPORT_PortEventInputRead
                0x02010100       0x40 ./ra/fsp/src/r_ioport/r_ioport.o
                0x02010100                R_IOPORT_PortEventInputRead
 .text.R_IOPORT_PinEventInputRead
                0x02010140       0x64 ./ra/fsp/src/r_ioport/r_ioport.o
                0x02010140                R_IOPORT_PinEventInputRead
 .text.R_IOPORT_PortEventOutputWrite
                0x020101a4       0x64 ./ra/fsp/src/r_ioport/r_ioport.o
                0x020101a4                R_IOPORT_PortEventOutputWrite
 .text.R_IOPORT_PinEventOutputWrite
                0x02010208       0x5e ./ra/fsp/src/r_ioport/r_ioport.o
                0x02010208                R_IOPORT_PinEventOutputWrite
 .text.r_ioport_pins_config
                0x02010266       0x56 ./ra/fsp/src/r_ioport/r_ioport.o
 .text.r_ioport_hw_pin_event_output_data_write
                0x020102bc       0x88 ./ra/fsp/src/r_ioport/r_ioport.o
 .text.r_ioport_pfs_write
                0x02010344       0x78 ./ra/fsp/src/r_ioport/r_ioport.o
 .text.bsp_vbatt_init
                0x020103bc      0x17c ./ra/fsp/src/r_ioport/r_ioport.o
 .text.__NVIC_SetPriority
                0x02010538       0x54 ./ra/fsp/src/r_flash_hp/r_flash_hp.o
 .text.R_FSP_SystemClockHzGet
                0x0201058c       0xc0 ./ra/fsp/src/r_flash_hp/r_flash_hp.o
 .text.R_BSP_FlashCacheEnable
                0x0201064c       0x2c ./ra/fsp/src/r_flash_hp/r_flash_hp.o
 .text.R_FSP_IsrContextSet
                0x02010678       0x28 ./ra/fsp/src/r_flash_hp/r_flash_hp.o
 .text.R_BSP_IrqStatusClear
                0x020106a0       0x40 ./ra/fsp/src/r_flash_hp/r_flash_hp.o
 .text.R_BSP_IrqClearPending
                0x020106e0       0x48 ./ra/fsp/src/r_flash_hp/r_flash_hp.o
 .text.R_BSP_IrqCfg
                0x02010728       0x2e ./ra/fsp/src/r_flash_hp/r_flash_hp.o
 *fill*         0x02010756        0x2 ff
 .text.R_BSP_IrqEnableNoClear
                0x02010758       0x38 ./ra/fsp/src/r_flash_hp/r_flash_hp.o
 .text.R_BSP_IrqEnable
                0x02010790       0x26 ./ra/fsp/src/r_flash_hp/r_flash_hp.o
 *fill*         0x020107b6        0x2 ff
 .text.R_BSP_IrqDisable
                0x020107b8       0x48 ./ra/fsp/src/r_flash_hp/r_flash_hp.o
 .text.R_BSP_IrqCfgEnable
                0x02010800       0x2e ./ra/fsp/src/r_flash_hp/r_flash_hp.o
 *fill*         0x0201082e        0x2 ff
 .text.R_FLASH_HP_Open
                0x02010830       0xa0 ./ra/fsp/src/r_flash_hp/r_flash_hp.o
                0x02010830                R_FLASH_HP_Open
 .text.R_FLASH_HP_Write
                0x020108d0       0x5a ./ra/fsp/src/r_flash_hp/r_flash_hp.o
                0x020108d0                R_FLASH_HP_Write
 *fill*         0x0201092a        0x2 ff
 .text.R_FLASH_HP_Erase
                0x0201092c       0xb4 ./ra/fsp/src/r_flash_hp/r_flash_hp.o
                0x0201092c                R_FLASH_HP_Erase
 .text.R_FLASH_HP_Reset
                0x020109e0       0x1c ./ra/fsp/src/r_flash_hp/r_flash_hp.o
                0x020109e0                R_FLASH_HP_Reset
 .text.R_FLASH_HP_StartUpAreaSelect
                0x020109fc       0x30 ./ra/fsp/src/r_flash_hp/r_flash_hp.o
                0x020109fc                R_FLASH_HP_StartUpAreaSelect
 .text.flash_hp_banksel_bankswp_addr_get
                0x02010a2c       0x34 ./ra/fsp/src/r_flash_hp/r_flash_hp.o
 .text.flash_hp_df_write
                0x02010a60       0x8c ./ra/fsp/src/r_flash_hp/r_flash_hp.o
 .text.flash_hp_init
                0x02010aec      0x138 ./ra/fsp/src/r_flash_hp/r_flash_hp.o
 .text.flash_hp_df_erase
                0x02010c24       0xac ./ra/fsp/src/r_flash_hp/r_flash_hp.o
 .text.flash_hp_enter_pe_df_mode
                0x02010cd0       0x70 ./ra/fsp/src/r_flash_hp/r_flash_hp.o
 .text.R_DTC_Open
                0x02010d40       0x70 ./ra/fsp/src/r_dtc/r_dtc.o
                0x02010d40                R_DTC_Open
 .text.R_DTC_Reconfigure
                0x02010db0       0x54 ./ra/fsp/src/r_dtc/r_dtc.o
                0x02010db0                R_DTC_Reconfigure
 .text.R_DTC_Reset
                0x02010e04       0xec ./ra/fsp/src/r_dtc/r_dtc.o
                0x02010e04                R_DTC_Reset
 .text.R_DTC_SoftwareStart
                0x02010ef0       0x1a ./ra/fsp/src/r_dtc/r_dtc.o
                0x02010ef0                R_DTC_SoftwareStart
 .text.R_DTC_SoftwareStop
                0x02010f0a       0x16 ./ra/fsp/src/r_dtc/r_dtc.o
                0x02010f0a                R_DTC_SoftwareStop
 .text.R_DTC_Enable
                0x02010f20       0x1c ./ra/fsp/src/r_dtc/r_dtc.o
                0x02010f20                R_DTC_Enable
 .text.R_DTC_Disable
                0x02010f3c       0x38 ./ra/fsp/src/r_dtc/r_dtc.o
                0x02010f3c                R_DTC_Disable
 .text.R_DTC_InfoGet
                0x02010f74       0x98 ./ra/fsp/src/r_dtc/r_dtc.o
                0x02010f74                R_DTC_InfoGet
 .text.R_DTC_Reload
                0x0201100c       0x1c ./ra/fsp/src/r_dtc/r_dtc.o
                0x0201100c                R_DTC_Reload
 .text.R_DTC_Close
                0x02011028       0x54 ./ra/fsp/src/r_dtc/r_dtc.o
                0x02011028                R_DTC_Close
 .text.r_dtc_prv_enable
                0x0201107c       0x34 ./ra/fsp/src/r_dtc/r_dtc.o
 .text.r_dtc_state_initialize
                0x020110b0       0x88 ./ra/fsp/src/r_dtc/r_dtc.o
 .text.r_dtc_set_info
                0x02011138       0x3c ./ra/fsp/src/r_dtc/r_dtc.o
 .text.r_dtc_block_repeat_initialize
                0x02011174       0x6e ./ra/fsp/src/r_dtc/r_dtc.o
 *fill*         0x020111e2        0x2 ff
 .text.r_dtc_wait_for_transfer_complete
                0x020111e4       0x38 ./ra/fsp/src/r_dtc/r_dtc.o
 .text.R_BSP_FlashCacheEnable
                0x0201121c       0x2c ./ra/fsp/src/bsp/mcu/all/bsp_clocks.o
 .text.SystemCoreClockUpdate
                0x02011248       0xa4 ./ra/fsp/src/bsp/mcu/all/bsp_clocks.o
                0x02011248                SystemCoreClockUpdate
 .text.bsp_prv_clock_set_hard_reset
                0x020112ec       0x64 ./ra/fsp/src/bsp/mcu/all/bsp_clocks.o
 .text.bsp_clock_freq_var_init
                0x02011350       0x58 ./ra/fsp/src/bsp/mcu/all/bsp_clocks.o
 .text.bsp_clock_init
                0x020113a8      0x110 ./ra/fsp/src/bsp/mcu/all/bsp_clocks.o
                0x020113a8                bsp_clock_init
 .text.R_BSP_SubClockStabilizeWaitAfterReset
                0x020114b8       0x14 ./ra/fsp/src/bsp/mcu/all/bsp_clocks.o
                0x020114b8                R_BSP_SubClockStabilizeWaitAfterReset
 .text.bsp_peripheral_clock_set
                0x020114cc       0x82 ./ra/fsp/src/bsp/mcu/all/bsp_clocks.o
 *fill*         0x0201154e        0x2 ff
 .text.bsp_sosc_init
                0x02011550       0x70 ./ra/fsp/src/bsp/mcu/all/bsp_clocks.o
 .text.R_BSP_SourceClockHzGet
                0x020115c0       0x28 ./ra/fsp/src/bsp/mcu/all/bsp_clocks.o
                0x020115c0                R_BSP_SourceClockHzGet
 .text.R_BSP_Init_RTC
                0x020115e8       0xc4 ./ra/fsp/src/bsp/mcu/all/bsp_clocks.o
                0x020115e8                R_BSP_Init_RTC
 .text.bsp_init_internal
                0x020116ac       0x14 ./ra/fsp/src/bsp/mcu/all/bsp_common.o
                0x020116ac                bsp_init_internal
                0x020116ac                bsp_init
 .text.R_BSP_SoftwareDelay
                0x020116c0      0x100 ./ra/fsp/src/bsp/mcu/all/bsp_delay.o
                0x020116c0                R_BSP_SoftwareDelay
 .text.bsp_prv_software_delay_loop
                0x020117c0        0xc ./ra/fsp/src/bsp/mcu/all/bsp_delay.o
                0x020117c0                bsp_prv_software_delay_loop
 .text.bsp_group_irq_call
                0x020117cc       0x30 ./ra/fsp/src/bsp/mcu/all/bsp_group_irq.o
 .text.NMI_Handler
                0x020117fc       0x84 ./ra/fsp/src/bsp/mcu/all/bsp_group_irq.o
                0x020117fc                NMI_Handler
 .text.bsp_irq_cfg
                0x02011880       0x50 ./ra/fsp/src/bsp/mcu/all/bsp_irq.o
                0x02011880                bsp_irq_cfg
 .text.R_BSP_RegisterProtectEnable
                0x020118d0       0xa0 ./ra/fsp/src/bsp/mcu/all/bsp_register_protection.o
                0x020118d0                R_BSP_RegisterProtectEnable
 .text.R_BSP_RegisterProtectDisable
                0x02011970       0x90 ./ra/fsp/src/bsp/mcu/all/bsp_register_protection.o
                0x02011970                R_BSP_RegisterProtectDisable
 .text.Reset_Handler
                0x02011a00        0xe ./ra/fsp/src/bsp/cmsis/Device/RENESAS/Source/startup.o
                0x02011a00                Reset_Handler
 .text.Default_Handler
                0x02011a0e       0x10 ./ra/fsp/src/bsp/cmsis/Device/RENESAS/Source/startup.o
                0x02011a0e                UsageFault_Handler
                0x02011a0e                SecureFault_Handler
                0x02011a0e                Default_Handler
                0x02011a0e                MemManage_Handler
                0x02011a0e                SVC_Handler
                0x02011a0e                BusFault_Handler
                0x02011a0e                DebugMon_Handler
 *fill*         0x02011a1e        0x2 ff
 .text.SystemInit
                0x02011a20      0x18c ./ra/fsp/src/bsp/cmsis/Device/RENESAS/Source/system.o
                0x02011a20                SystemInit
 *fill*         0x02011bac        0x4 ff
 .text.memcpy_64
                0x02011bb0       0x34 ./ra/fsp/src/bsp/cmsis/Device/RENESAS/Source/system.o
 *fill*         0x02011be4        0x4 ff
 .text.memset_64
                0x02011be8       0x2c ./ra/fsp/src/bsp/cmsis/Device/RENESAS/Source/system.o
 .text.bsp_init_itcm
                0x02011c14       0x38 ./ra/fsp/src/bsp/cmsis/Device/RENESAS/Source/system.o
 .text.bsp_init_dtcm
                0x02011c4c       0x60 ./ra/fsp/src/bsp/cmsis/Device/RENESAS/Source/system.o
 .text.__NVIC_SetPriority
                0x02011cac       0x54 ./libraries/HAL_Drivers/drv_common.o
 .text.__NVIC_SystemReset
                0x02011d00       0x2c ./libraries/HAL_Drivers/drv_common.o
 .text.SysTick_Config
                0x02011d2c       0x44 ./libraries/HAL_Drivers/drv_common.o
 .text.reboot   0x02011d70       0x10 ./libraries/HAL_Drivers/drv_common.o
 .text.rt_hw_systick_init
                0x02011d80       0x2c ./libraries/HAL_Drivers/drv_common.o
                0x02011d80                rt_hw_systick_init
 .text.SysTick_Handler
                0x02011dac       0x14 ./libraries/HAL_Drivers/drv_common.o
                0x02011dac                SysTick_Handler
 .text.rt_hw_board_init
                0x02011dc0       0x34 ./libraries/HAL_Drivers/drv_common.o
                0x02011dc0                rt_hw_board_init
 .text.R_BSP_WarmStart
                0x02011df4       0x2c ./libraries/HAL_Drivers/drv_common.o
                0x02011df4                R_BSP_WarmStart
 .text._flash_init
                0x02011e20       0x74 ./libraries/HAL_Drivers/drv_flash.o
                0x02011e20                _flash_init
 .text._flash_read
                0x02011e94       0x42 ./libraries/HAL_Drivers/drv_flash.o
                0x02011e94                _flash_read
 *fill*         0x02011ed6        0x2 ff
 .text._flash_write
                0x02011ed8       0xbc ./libraries/HAL_Drivers/drv_flash.o
                0x02011ed8                _flash_write
 .text._flash_hp0_erase
                0x02011f94       0xb8 ./libraries/HAL_Drivers/drv_flash.o
                0x02011f94                _flash_hp0_erase
 .text._flash_hp1_erase
                0x0201204c       0x80 ./libraries/HAL_Drivers/drv_flash.o
                0x0201204c                _flash_hp1_erase
 .text.fal_flash_hp0_read
                0x020120cc       0x28 ./libraries/HAL_Drivers/drv_flash.o
 .text.fal_flash_hp0_write
                0x020120f4       0x28 ./libraries/HAL_Drivers/drv_flash.o
 .text.fal_flash_hp0_erase
                0x0201211c       0x24 ./libraries/HAL_Drivers/drv_flash.o
 .text.fal_flash_hp1_read
                0x02012140       0x2c ./libraries/HAL_Drivers/drv_flash.o
 .text.fal_flash_hp1_write
                0x0201216c       0x2c ./libraries/HAL_Drivers/drv_flash.o
 .text.fal_flash_hp1_erase
                0x02012198       0x28 ./libraries/HAL_Drivers/drv_flash.o
 .text.flash_test
                0x020121c0      0x1ec ./libraries/HAL_Drivers/drv_flash.o
                0x020121c0                flash_test
 .text.R_BSP_PinRead
                0x020123ac       0x38 ./libraries/HAL_Drivers/drv_gpio.o
 .text.R_BSP_PinWrite
                0x020123e4       0x68 ./libraries/HAL_Drivers/drv_gpio.o
 .text.R_BSP_PinAccessEnable
                0x0201244c       0x60 ./libraries/HAL_Drivers/drv_gpio.o
 .text.R_BSP_PinAccessDisable
                0x020124ac       0x68 ./libraries/HAL_Drivers/drv_gpio.o
 .text.ra_pin_mode
                0x02012514       0xf4 ./libraries/HAL_Drivers/drv_gpio.o
 .text.ra_pin_write
                0x02012608       0x3c ./libraries/HAL_Drivers/drv_gpio.o
 .text.ra_pin_read
                0x02012644       0x54 ./libraries/HAL_Drivers/drv_gpio.o
 .text.ra_pin_irq_enable
                0x02012698       0x1e ./libraries/HAL_Drivers/drv_gpio.o
 .text.ra_pin_attach_irq
                0x020126b6       0x20 ./libraries/HAL_Drivers/drv_gpio.o
 .text.ra_pin_dettach_irq
                0x020126d6       0x1a ./libraries/HAL_Drivers/drv_gpio.o
 .text.ra_pin_get
                0x020126f0      0x132 ./libraries/HAL_Drivers/drv_gpio.o
 *fill*         0x02012822        0x2 ff
 .text.rt_hw_pin_init
                0x02012824       0x1c ./libraries/HAL_Drivers/drv_gpio.o
                0x02012824                rt_hw_pin_init
 .text.spi1_callback
                0x02012840       0x2c ./libraries/HAL_Drivers/drv_spi.o
                0x02012840                spi1_callback
 .text.ra_wait_complete
                0x0201286c       0x6e ./libraries/HAL_Drivers/drv_spi.o
 .text.ra_width_shift
                0x020128da       0x3e ./libraries/HAL_Drivers/drv_spi.o
 .text.ra_write_message
                0x02012918       0xc8 ./libraries/HAL_Drivers/drv_spi.o
 .text.ra_read_message
                0x020129e0       0xc8 ./libraries/HAL_Drivers/drv_spi.o
 .text.ra_write_read_message
                0x02012aa8       0xd4 ./libraries/HAL_Drivers/drv_spi.o
 .text.ra_hw_spi_configure
                0x02012b7c      0x108 ./libraries/HAL_Drivers/drv_spi.o
 .text.ra_spixfer
                0x02012c84      0x160 ./libraries/HAL_Drivers/drv_spi.o
 .text.ra_hw_spi_init
                0x02012de4       0xe4 ./libraries/HAL_Drivers/drv_spi.o
                0x02012de4                ra_hw_spi_init
 .text.rt_hw_spi_device_attach
                0x02012ec8       0xb8 ./libraries/HAL_Drivers/drv_spi.o
                0x02012ec8                rt_hw_spi_device_attach
 .text.ra_uart_get_config
                0x02012f80       0x50 ./libraries/HAL_Drivers/drv_usart_v2.o
 .text.ra_uart_configure
                0x02012fd0       0x80 ./libraries/HAL_Drivers/drv_usart_v2.o
 .text.ra_uart_control
                0x02013050       0x1a ./libraries/HAL_Drivers/drv_usart_v2.o
 *fill*         0x0201306a        0x2 ff
 .text.ra_uart_putc
                0x0201306c       0x68 ./libraries/HAL_Drivers/drv_usart_v2.o
 .text.ra_uart_getc
                0x020130d4       0x16 ./libraries/HAL_Drivers/drv_usart_v2.o
 *fill*         0x020130ea        0x2 ff
 .text.ra_uart_transmit
                0x020130ec       0x70 ./libraries/HAL_Drivers/drv_usart_v2.o
 .text.user_uart9_callback
                0x0201315c       0x78 ./libraries/HAL_Drivers/drv_usart_v2.o
                0x0201315c                user_uart9_callback
 .text.rt_hw_usart_init
                0x020131d4       0xb0 ./libraries/HAL_Drivers/drv_usart_v2.o
                0x020131d4                rt_hw_usart_init
 .text.drv_sdram_init
                0x02013284      0x17c ./board/ports/drv_sdram.o
                0x02013284                drv_sdram_init
 .text.SDRAM_Init
                0x02013400       0x50 ./board/ports/drv_sdram.o
 .text.atoi     0x02013450        0x8 e:/devtools/rt-threadstudio/repo/extract/toolchain_support_packages/arm/gnu_tools_for_arm_embedded_processors/10.2.1/bin/../lib/gcc/arm-none-eabi/10.2.1/../../../../arm-none-eabi/lib/thumb/v8-m.main+dp/hard\libc.a(lib_a-atoi.o)
                0x02013450                atoi
 .text.memcmp   0x02013458       0x60 e:/devtools/rt-threadstudio/repo/extract/toolchain_support_packages/arm/gnu_tools_for_arm_embedded_processors/10.2.1/bin/../lib/gcc/arm-none-eabi/10.2.1/../../../../arm-none-eabi/lib/thumb/v8-m.main+dp/hard\libc.a(lib_a-memcmp.o)
                0x02013458                memcmp
 .text          0x020134b8       0xec e:/devtools/rt-threadstudio/repo/extract/toolchain_support_packages/arm/gnu_tools_for_arm_embedded_processors/10.2.1/bin/../lib/gcc/arm-none-eabi/10.2.1/../../../../arm-none-eabi/lib/thumb/v8-m.main+dp/hard\libc.a(lib_a-memcpy.o)
                0x020134b8                memcpy
 .text.memset   0x020135a4       0xa4 e:/devtools/rt-threadstudio/repo/extract/toolchain_support_packages/arm/gnu_tools_for_arm_embedded_processors/10.2.1/bin/../lib/gcc/arm-none-eabi/10.2.1/../../../../arm-none-eabi/lib/thumb/v8-m.main+dp/hard\libc.a(lib_a-memset.o)
                0x020135a4                memset
 .text.strchr   0x02013648       0xcc e:/devtools/rt-threadstudio/repo/extract/toolchain_support_packages/arm/gnu_tools_for_arm_embedded_processors/10.2.1/bin/../lib/gcc/arm-none-eabi/10.2.1/../../../../arm-none-eabi/lib/thumb/v8-m.main+dp/hard\libc.a(lib_a-strchr.o)
                0x02013648                strchr
 .text          0x02013714      0x1bc e:/devtools/rt-threadstudio/repo/extract/toolchain_support_packages/arm/gnu_tools_for_arm_embedded_processors/10.2.1/bin/../lib/gcc/arm-none-eabi/10.2.1/../../../../arm-none-eabi/lib/thumb/v8-m.main+dp/hard\libc.a(lib_a-strcmp.o)
                0x02013714                strcmp
 .text.strlen   0x020138d0       0x5c e:/devtools/rt-threadstudio/repo/extract/toolchain_support_packages/arm/gnu_tools_for_arm_embedded_processors/10.2.1/bin/../lib/gcc/arm-none-eabi/10.2.1/../../../../arm-none-eabi/lib/thumb/v8-m.main+dp/hard\libc.a(lib_a-strlen-stub.o)
                0x020138d0                strlen
 .text.strncmp  0x0201392c       0x78 e:/devtools/rt-threadstudio/repo/extract/toolchain_support_packages/arm/gnu_tools_for_arm_embedded_processors/10.2.1/bin/../lib/gcc/arm-none-eabi/10.2.1/../../../../arm-none-eabi/lib/thumb/v8-m.main+dp/hard\libc.a(lib_a-strncmp.o)
                0x0201392c                strncmp
 .text.strncpy  0x020139a4       0x64 e:/devtools/rt-threadstudio/repo/extract/toolchain_support_packages/arm/gnu_tools_for_arm_embedded_processors/10.2.1/bin/../lib/gcc/arm-none-eabi/10.2.1/../../../../arm-none-eabi/lib/thumb/v8-m.main+dp/hard\libc.a(lib_a-strncpy.o)
                0x020139a4                strncpy
 .text._strtol_l.part.0
                0x02013a08      0x104 e:/devtools/rt-threadstudio/repo/extract/toolchain_support_packages/arm/gnu_tools_for_arm_embedded_processors/10.2.1/bin/../lib/gcc/arm-none-eabi/10.2.1/../../../../arm-none-eabi/lib/thumb/v8-m.main+dp/hard\libc.a(lib_a-strtol.o)
 .text.strtol   0x02013b0c       0x2c e:/devtools/rt-threadstudio/repo/extract/toolchain_support_packages/arm/gnu_tools_for_arm_embedded_processors/10.2.1/bin/../lib/gcc/arm-none-eabi/10.2.1/../../../../arm-none-eabi/lib/thumb/v8-m.main+dp/hard\libc.a(lib_a-strtol.o)
                0x02013b0c                strtol
 .text.startup.register_fini
                0x02013b38       0x14 e:/devtools/rt-threadstudio/repo/extract/toolchain_support_packages/arm/gnu_tools_for_arm_embedded_processors/10.2.1/bin/../lib/gcc/arm-none-eabi/10.2.1/../../../../arm-none-eabi/lib/thumb/v8-m.main+dp/hard\libc.a(lib_a-__call_atexit.o)
 .text.atexit   0x02013b4c        0xc e:/devtools/rt-threadstudio/repo/extract/toolchain_support_packages/arm/gnu_tools_for_arm_embedded_processors/10.2.1/bin/../lib/gcc/arm-none-eabi/10.2.1/../../../../arm-none-eabi/lib/thumb/v8-m.main+dp/hard\libc.a(lib_a-atexit.o)
                0x02013b4c                atexit
 .text.__libc_fini_array
                0x02013b58       0x2c e:/devtools/rt-threadstudio/repo/extract/toolchain_support_packages/arm/gnu_tools_for_arm_embedded_processors/10.2.1/bin/../lib/gcc/arm-none-eabi/10.2.1/../../../../arm-none-eabi/lib/thumb/v8-m.main+dp/hard\libc.a(lib_a-fini.o)
                0x02013b58                __libc_fini_array
 .text.__retarget_lock_acquire_recursive
                0x02013b84        0x4 e:/devtools/rt-threadstudio/repo/extract/toolchain_support_packages/arm/gnu_tools_for_arm_embedded_processors/10.2.1/bin/../lib/gcc/arm-none-eabi/10.2.1/../../../../arm-none-eabi/lib/thumb/v8-m.main+dp/hard\libc.a(lib_a-lock.o)
                0x02013b84                __retarget_lock_acquire_recursive
 .text.__retarget_lock_release_recursive
                0x02013b88        0x4 e:/devtools/rt-threadstudio/repo/extract/toolchain_support_packages/arm/gnu_tools_for_arm_embedded_processors/10.2.1/bin/../lib/gcc/arm-none-eabi/10.2.1/../../../../arm-none-eabi/lib/thumb/v8-m.main+dp/hard\libc.a(lib_a-lock.o)
                0x02013b88                __retarget_lock_release_recursive
 .text.__register_exitproc
                0x02013b8c       0x90 e:/devtools/rt-threadstudio/repo/extract/toolchain_support_packages/arm/gnu_tools_for_arm_embedded_processors/10.2.1/bin/../lib/gcc/arm-none-eabi/10.2.1/../../../../arm-none-eabi/lib/thumb/v8-m.main+dp/hard\libc.a(lib_a-__atexit.o)
                0x02013b8c                __register_exitproc
 *(.version)
 .version       0x02013c1c       0x50 ./ra/fsp/src/bsp/mcu/all/bsp_common.o
 *(.init)
 .init          0x02013c6c        0x4 e:/devtools/rt-threadstudio/repo/extract/toolchain_support_packages/arm/gnu_tools_for_arm_embedded_processors/10.2.1/bin/../lib/gcc/arm-none-eabi/10.2.1/thumb/v8-m.main+dp/hard/crti.o
                0x02013c6c                _init
 .init          0x02013c70        0x8 e:/devtools/rt-threadstudio/repo/extract/toolchain_support_packages/arm/gnu_tools_for_arm_embedded_processors/10.2.1/bin/../lib/gcc/arm-none-eabi/10.2.1/thumb/v8-m.main+dp/hard/crtn.o
 *(.fini)
 .fini          0x02013c78        0x4 e:/devtools/rt-threadstudio/repo/extract/toolchain_support_packages/arm/gnu_tools_for_arm_embedded_processors/10.2.1/bin/../lib/gcc/arm-none-eabi/10.2.1/thumb/v8-m.main+dp/hard/crti.o
                0x02013c78                _fini
 .fini          0x02013c7c        0x8 e:/devtools/rt-threadstudio/repo/extract/toolchain_support_packages/arm/gnu_tools_for_arm_embedded_processors/10.2.1/bin/../lib/gcc/arm-none-eabi/10.2.1/thumb/v8-m.main+dp/hard/crtn.o
 *fill*         0x02013c84        0x4 ff
 .fini.__stub   0x02013c88       0x80 linker stubs
                0x02013d08                . = ALIGN (0x4)
                0x02013d08                __fsymtab_start = .
 *(FSymTab)
 FSymTab        0x02013d08       0x30 ./rt-thread/components/finsh/cmd.o
                0x02013d08                __fsym_clear
                0x02013d18                __fsym_version
                0x02013d28                __fsym_list
 FSymTab        0x02013d38       0x30 ./rt-thread/components/finsh/msh.o
                0x02013d38                __fsym_help
                0x02013d48                __fsym_ps
                0x02013d58                __fsym_free
 FSymTab        0x02013d68       0x10 ./rt-thread/components/fal/src/fal_rtt.o
                0x02013d68                __fsym_fal
 FSymTab        0x02013d78       0x10 ./rt-thread/components/drivers/spi/spi_flash_sfud.o
                0x02013d78                __fsym_sf
 FSymTab        0x02013d88       0x10 ./rt-thread/components/drivers/misc/pin.o
                0x02013d88                __fsym_pin
 FSymTab        0x02013d98       0x10 ./libraries/HAL_Drivers/drv_common.o
                0x02013d98                __fsym_reboot
 FSymTab        0x02013da8       0x10 ./libraries/HAL_Drivers/drv_flash.o
                0x02013da8                __fsym_flash_test
                0x02013db8                __fsymtab_end = .
                0x02013db8                . = ALIGN (0x4)
                0x02013db8                __vsymtab_start = .
 *(VSymTab)
                0x02013db8                __vsymtab_end = .
                0x02013db8                . = ALIGN (0x4)
                0x02013db8                __rt_init_start = .
 *(SORT_BY_NAME(.rti_fn*))
 .rti_fn.0      0x02013db8        0x4 ./rt-thread/src/components.o
                0x02013db8                __rt_init_rti_start
 .rti_fn.0.end  0x02013dbc        0x4 ./rt-thread/src/components.o
                0x02013dbc                __rt_init_rti_board_start
 .rti_fn.1      0x02013dc0        0x4 ./libraries/HAL_Drivers/drv_spi.o
                0x02013dc0                __rt_init_ra_hw_spi_init
 .rti_fn.1      0x02013dc4        0x4 ./board/ports/drv_sdram.o
                0x02013dc4                __rt_init_SDRAM_Init
 .rti_fn.1.end  0x02013dc8        0x4 ./rt-thread/src/components.o
                0x02013dc8                __rt_init_rti_board_end
 .rti_fn.6      0x02013dcc        0x4 ./src/spi_init.o
                0x02013dcc                __rt_init_rt_spi_device_init
 .rti_fn.6      0x02013dd0        0x4 ./rt-thread/components/finsh/shell.o
                0x02013dd0                __rt_init_finsh_system_init
 .rti_fn.6.end  0x02013dd4        0x4 ./rt-thread/src/components.o
                0x02013dd4                __rt_init_rti_end